Archive member included to satisfy reference by file (symbol)

C:/ST/STM32CubeIDE_1.19.0/STM32CubeIDE/plugins/com.st.stm32cube.ide.mcu.externaltools.gnu-tools-for-stm32.13.3.rel1.win32_1.0.0.202411081344/tools/bin/../lib/gcc/arm-none-eabi/13.3.1/../../../../arm-none-eabi/lib/thumb/v8-m.main+fp/hard\libc_nano.a(libc_a-exit.o)
                              C:/ST/STM32CubeIDE_1.19.0/STM32CubeIDE/plugins/com.st.stm32cube.ide.mcu.externaltools.gnu-tools-for-stm32.13.3.rel1.win32_1.0.0.202411081344/tools/bin/../lib/gcc/arm-none-eabi/13.3.1/../../../../arm-none-eabi/lib/thumb/v8-m.main+fp/hard/crt0.o (exit)
C:/ST/STM32CubeIDE_1.19.0/STM32CubeIDE/plugins/com.st.stm32cube.ide.mcu.externaltools.gnu-tools-for-stm32.13.3.rel1.win32_1.0.0.202411081344/tools/bin/../lib/gcc/arm-none-eabi/13.3.1/../../../../arm-none-eabi/lib/thumb/v8-m.main+fp/hard\libc_nano.a(libc_a-nano-vfprintf_float.o)
                              (_printf_float)
C:/ST/STM32CubeIDE_1.19.0/STM32CubeIDE/plugins/com.st.stm32cube.ide.mcu.externaltools.gnu-tools-for-stm32.13.3.rel1.win32_1.0.0.202411081344/tools/bin/../lib/gcc/arm-none-eabi/13.3.1/../../../../arm-none-eabi/lib/thumb/v8-m.main+fp/hard\libc_nano.a(libc_a-nano-vfprintf_i.o)
                              C:/ST/STM32CubeIDE_1.19.0/STM32CubeIDE/plugins/com.st.stm32cube.ide.mcu.externaltools.gnu-tools-for-stm32.13.3.rel1.win32_1.0.0.202411081344/tools/bin/../lib/gcc/arm-none-eabi/13.3.1/../../../../arm-none-eabi/lib/thumb/v8-m.main+fp/hard\libc_nano.a(libc_a-nano-vfprintf_float.o) (_printf_common)
C:/ST/STM32CubeIDE_1.19.0/STM32CubeIDE/plugins/com.st.stm32cube.ide.mcu.externaltools.gnu-tools-for-stm32.13.3.rel1.win32_1.0.0.202411081344/tools/bin/../lib/gcc/arm-none-eabi/13.3.1/../../../../arm-none-eabi/lib/thumb/v8-m.main+fp/hard\libc_nano.a(libc_a-findfp.o)
                              C:/ST/STM32CubeIDE_1.19.0/STM32CubeIDE/plugins/com.st.stm32cube.ide.mcu.externaltools.gnu-tools-for-stm32.13.3.rel1.win32_1.0.0.202411081344/tools/bin/../lib/gcc/arm-none-eabi/13.3.1/../../../../arm-none-eabi/lib/thumb/v8-m.main+fp/hard\libc_nano.a(libc_a-exit.o) (__stdio_exit_handler)
C:/ST/STM32CubeIDE_1.19.0/STM32CubeIDE/plugins/com.st.stm32cube.ide.mcu.externaltools.gnu-tools-for-stm32.13.3.rel1.win32_1.0.0.202411081344/tools/bin/../lib/gcc/arm-none-eabi/13.3.1/../../../../arm-none-eabi/lib/thumb/v8-m.main+fp/hard\libc_nano.a(libc_a-fwalk.o)
                              C:/ST/STM32CubeIDE_1.19.0/STM32CubeIDE/plugins/com.st.stm32cube.ide.mcu.externaltools.gnu-tools-for-stm32.13.3.rel1.win32_1.0.0.202411081344/tools/bin/../lib/gcc/arm-none-eabi/13.3.1/../../../../arm-none-eabi/lib/thumb/v8-m.main+fp/hard\libc_nano.a(libc_a-findfp.o) (_fwalk_sglue)
C:/ST/STM32CubeIDE_1.19.0/STM32CubeIDE/plugins/com.st.stm32cube.ide.mcu.externaltools.gnu-tools-for-stm32.13.3.rel1.win32_1.0.0.202411081344/tools/bin/../lib/gcc/arm-none-eabi/13.3.1/../../../../arm-none-eabi/lib/thumb/v8-m.main+fp/hard\libc_nano.a(libc_a-printf.o)
                              ./Core/App/app.o (printf)
C:/ST/STM32CubeIDE_1.19.0/STM32CubeIDE/plugins/com.st.stm32cube.ide.mcu.externaltools.gnu-tools-for-stm32.13.3.rel1.win32_1.0.0.202411081344/tools/bin/../lib/gcc/arm-none-eabi/13.3.1/../../../../arm-none-eabi/lib/thumb/v8-m.main+fp/hard\libc_nano.a(libc_a-puts.o)
                              ./Core/App/app.o (puts)
C:/ST/STM32CubeIDE_1.19.0/STM32CubeIDE/plugins/com.st.stm32cube.ide.mcu.externaltools.gnu-tools-for-stm32.13.3.rel1.win32_1.0.0.202411081344/tools/bin/../lib/gcc/arm-none-eabi/13.3.1/../../../../arm-none-eabi/lib/thumb/v8-m.main+fp/hard\libc_nano.a(libc_a-sprintf.o)
                              ./Core/App/lcd_library/lcd.o (sprintf)
C:/ST/STM32CubeIDE_1.19.0/STM32CubeIDE/plugins/com.st.stm32cube.ide.mcu.externaltools.gnu-tools-for-stm32.13.3.rel1.win32_1.0.0.202411081344/tools/bin/../lib/gcc/arm-none-eabi/13.3.1/../../../../arm-none-eabi/lib/thumb/v8-m.main+fp/hard\libc_nano.a(libc_a-stdio.o)
                              C:/ST/STM32CubeIDE_1.19.0/STM32CubeIDE/plugins/com.st.stm32cube.ide.mcu.externaltools.gnu-tools-for-stm32.13.3.rel1.win32_1.0.0.202411081344/tools/bin/../lib/gcc/arm-none-eabi/13.3.1/../../../../arm-none-eabi/lib/thumb/v8-m.main+fp/hard\libc_nano.a(libc_a-findfp.o) (__sread)
C:/ST/STM32CubeIDE_1.19.0/STM32CubeIDE/plugins/com.st.stm32cube.ide.mcu.externaltools.gnu-tools-for-stm32.13.3.rel1.win32_1.0.0.202411081344/tools/bin/../lib/gcc/arm-none-eabi/13.3.1/../../../../arm-none-eabi/lib/thumb/v8-m.main+fp/hard\libc_nano.a(libc_a-wbuf.o)
                              C:/ST/STM32CubeIDE_1.19.0/STM32CubeIDE/plugins/com.st.stm32cube.ide.mcu.externaltools.gnu-tools-for-stm32.13.3.rel1.win32_1.0.0.202411081344/tools/bin/../lib/gcc/arm-none-eabi/13.3.1/../../../../arm-none-eabi/lib/thumb/v8-m.main+fp/hard\libc_nano.a(libc_a-puts.o) (__swbuf_r)
[...]
Memory Configuration

Name             Origin             Length             Attributes
RAM              0x20000000         0x00040000         xrw
SRAM4            0x28000000         0x00004000         xrw
FLASH            0x08000000         0x00080000         xr
*default*        0x00000000         0xffffffff

Linker script and memory map

LOAD C:/ST/STM32CubeIDE_1.19.0/STM32CubeIDE/plugins/com.st.stm32cube.ide.mcu.externaltools.gnu-tools-for-stm32.13.3.rel1.win32_1.0.0.202411081344/tools/bin/../lib/gcc/arm-none-eabi/13.3.1/thumb/v8-m.main+fp/hard/crti.o
LOAD C:/ST/STM32CubeIDE_1.19.0/STM32CubeIDE/plugins/com.st.stm32cube.ide.mcu.externaltools.gnu-tools-for-stm32.13.3.rel1.win32_1.0.0.202411081344/tools/bin/../lib/gcc/arm-none-eabi/13.3.1/thumb/v8-m.main+fp/hard/crtbegin.o
LOAD C:/ST/STM32CubeIDE_1.19.0/STM32CubeIDE/plugins/com.st.stm32cube.ide.mcu.externaltools.gnu-tools-for-stm32.13.3.rel1.win32_1.0.0.202411081344/tools/bin/../lib/gcc/arm-none-eabi/13.3.1/../../../../arm-none-eabi/lib/thumb/v8-m.main+fp/hard/crt0.o
LOAD ./Core/App/app.o
LOAD ./Core/App/bmp280_lib/bmp280.o
LOAD ./Core/App/bmp280_lib/bmp280_api.o
LOAD ./Core/App/lcd_library/lcd.o
LOAD ./Core/App/vl53l3cx_lib/vl53l3cx_lib.o
LOAD ./Core/Src/main.o
LOAD ./Core/Src/stm32u5xx_hal_msp.o
LOAD ./Core/Src/stm32u5xx_it.o
LOAD ./Core/Src/syscalls.o
LOAD ./Core/Src/sysmem.o
LOAD ./Core/Src/system_stm32u5xx.o
LOAD ./Core/Startup/startup_stm32u545retxq.o
LOAD ./Drivers/BSP/Components/vl53l3cx/modules/vl53lx_api.o
LOAD ./Drivers/BSP/Components/vl53l3cx/modules/vl53lx_api_calibration.o
LOAD ./Drivers/BSP/Components/vl53l3cx/modules/vl53lx_api_core.o
LOAD ./Drivers/BSP/Components/vl53l3cx/modules/vl53lx_api_debug.o
LOAD ./Drivers/BSP/Components/vl53l3cx/modules/vl53lx_api_preset_modes.o
LOAD ./Drivers/BSP/Components/vl53l3cx/modules/vl53lx_core.o
LOAD ./Drivers/BSP/Components/vl53l3cx/modules/vl53lx_core_support.o
LOAD ./Drivers/BSP/Components/vl53l3cx/modules/vl53lx_dmax.o
LOAD ./Drivers/BSP/Components/vl53l3cx/modules/vl53lx_hist_algos_gen3.o
LOAD ./Drivers/BSP/Components/vl53l3cx/modules/vl53lx_hist_algos_gen4.o
LOAD ./Drivers/BSP/Components/vl53l3cx/modules/vl53lx_hist_char.o
LOAD ./Drivers/BSP/Components/vl53l3cx/modules/vl53lx_hist_core.o
LOAD ./Drivers/BSP/Components/vl53l3cx/modules/vl53lx_hist_funcs.o
LOAD ./Drivers/BSP/Components/vl53l3cx/modules/vl53lx_nvm.o
LOAD ./Drivers/BSP/Components/vl53l3cx/modules/vl53lx_nvm_debug.o
LOAD ./Drivers/BSP/Components/vl53l3cx/modules/vl53lx_register_funcs.o
LOAD ./Drivers/BSP/Components/vl53l3cx/modules/vl53lx_sigma_estimate.o
LOAD ./Drivers/BSP/Components/vl53l3cx/modules/vl53lx_silicon_core.o
LOAD ./Drivers/BSP/Components/vl53l3cx/modules/vl53lx_wait.o
LOAD ./Drivers/BSP/Components/vl53l3cx/modules/vl53lx_xtalk.o
LOAD ./Drivers/BSP/Components/vl53l3cx/porting/vl53lx_platform.o
LOAD ./Drivers/BSP/Components/vl53l3cx/porting/vl53lx_platform_ipp.o
LOAD ./Drivers/BSP/Components/vl53l3cx/porting/vl53lx_platform_log.o
LOAD ./Drivers/BSP/Components/vl53l3cx/vl53l3cx.o
LOAD ./Drivers/BSP/STM32U5xx_Nucleo/stm32u5xx_nucleo.o
LOAD ./Drivers/STM32U5xx_HAL_Driver/Src/stm32u5xx_hal.o
LOAD ./Drivers/STM32U5xx_HAL_Driver/Src/stm32u5xx_hal_cortex.o
LOAD ./Drivers/STM32U5xx_HAL_Driver/Src/stm32u5xx_hal_dma.o
LOAD ./Drivers/STM32U5xx_HAL_Driver/Src/stm32u5xx_hal_dma_ex.o
LOAD ./Drivers/STM32U5xx_HAL_Driver/Src/stm32u5xx_hal_exti.o
LOAD ./Drivers/STM32U5xx_HAL_Driver/Src/stm32u5xx_hal_flash.o
LOAD ./Drivers/STM32U5xx_HAL_Driver/Src/stm32u5xx_hal_flash_ex.o
LOAD ./Drivers/STM32U5xx_HAL_Driver/Src/stm32u5xx_hal_gpio.o
LOAD ./Drivers/STM32U5xx_HAL_Driver/Src/stm32u5xx_hal_gtzc.o
LOAD ./Drivers/STM32U5xx_HAL_Driver/Src/stm32u5xx_hal_i2c.o
LOAD ./Drivers/STM32U5xx_HAL_Driver/Src/stm32u5xx_hal_i2c_ex.o
LOAD ./Drivers/STM32U5xx_HAL_Driver/Src/stm32u5xx_hal_icache.o
LOAD ./Drivers/STM32U5xx_HAL_Driver/Src/stm32u5xx_hal_pwr.o
LOAD ./Drivers/STM32U5xx_HAL_Driver/Src/stm32u5xx_hal_pwr_ex.o
LOAD ./Drivers/STM32U5xx_HAL_Driver/Src/stm32u5xx_hal_rcc.o
LOAD ./Drivers/STM32U5xx_HAL_Driver/Src/stm32u5xx_hal_rcc_ex.o
LOAD ./Drivers/STM32U5xx_HAL_Driver/Src/stm32u5xx_hal_uart.o
LOAD ./Drivers/STM32U5xx_HAL_Driver/Src/stm32u5xx_hal_uart_ex.o
LOAD ./Drivers/STM32U5xx_HAL_Driver/Src/stm32u5xx_hal_usart.o
LOAD ./Drivers/STM32U5xx_HAL_Driver/Src/stm32u5xx_hal_usart_ex.o
START GROUP
LOAD C:/ST/STM32CubeIDE_1.19.0/STM32CubeIDE/plugins/com.st.stm32cube.ide.mcu.externaltools.gnu-tools-for-stm32.13.3.rel1.win32_1.0.0.202411081344/tools/bin/../lib/gcc/arm-none-eabi/13.3.1/../../../../arm-none-eabi/lib/thumb/v8-m.main+fp/hard\libc_nano.a
LOAD C:/ST/STM32CubeIDE_1.19.0/STM32CubeIDE/plugins/com.st.stm32cube.ide.mcu.externaltools.gnu-tools-for-stm32.13.3.rel1.win32_1.0.0.202411081344/tools/bin/../lib/gcc/arm-none-eabi/13.3.1/../../../../arm-none-eabi/lib/thumb/v8-m.main+fp/hard\libm.a
END GROUP
START GROUP
LOAD C:/ST/STM32CubeIDE_1.19.0/STM32CubeIDE/plugins/com.st.stm32cube.ide.mcu.externaltools.gnu-tools-for-stm32.13.3.rel1.win32_1.0.0.202411081344/tools/bin/../lib/gcc/arm-none-eabi/13.3.1/thumb/v8-m.main+fp/hard\libgcc.a
LOAD C:/ST/STM32CubeIDE_1.19.0/STM32CubeIDE/plugins/com.st.stm32cube.ide.mcu.externaltools.gnu-tools-for-stm32.13.3.rel1.win32_1.0.0.202411081344/tools/bin/../lib/gcc/arm-none-eabi/13.3.1/../../../../arm-none-eabi/lib/thumb/v8-m.main+fp/hard\libc_nano.a
END GROUP
START GROUP
LOAD C:/ST/STM32CubeIDE_1.19.0/STM32CubeIDE/plugins/com.st.stm32cube.ide.mcu.externaltools.gnu-tools-for-stm32.13.3.rel1.win32_1.0.0.202411081344/tools/bin/../lib/gcc/arm-none-eabi/13.3.1/thumb/v8-m.main+fp/hard\libgcc.a
LOAD C:/ST/STM32CubeIDE_1.19.0/STM32CubeIDE/plugins/com.st.stm32cube.ide.mcu.externaltools.gnu-tools-for-stm32.13.3.rel1.win32_1.0.0.202411081344/tools/bin/../lib/gcc/arm-none-eabi/13.3.1/../../../../arm-none-eabi/lib/thumb/v8-m.main+fp/hard\libc_nano.a
LOAD C:/ST/STM32CubeIDE_1.19.0/STM32CubeIDE/plugins/com.st.stm32cube.ide.mcu.externaltools.gnu-tools-for-stm32.13.3.rel1.win32_1.0.0.202411081344/tools/bin/../lib/gcc/arm-none-eabi/13.3.1/../../../../arm-none-eabi/lib/thumb/v8-m.main+fp/hard\libnosys.a
END GROUP
START GROUP
LOAD C:/ST/STM32CubeIDE_1.19.0/STM32CubeIDE/plugins/com.st.stm32cube.ide.mcu.externaltools.gnu-tools-for-stm32.13.3.rel1.win32_1.0.0.202411081344/tools/bin/../lib/gcc/arm-none-eabi/13.3.1/thumb/v8-m.main+fp/hard\libgcc.a
LOAD C:/ST/STM32CubeIDE_1.19.0/STM32CubeIDE/plugins/com.st.stm32cube.ide.mcu.externaltools.gnu-tools-for-stm32.13.3.rel1.win32_1.0.0.202411081344/tools/bin/../lib/gcc/arm-none-eabi/13.3.1/../../../../arm-none-eabi/lib/thumb/v8-m.main+fp/hard\libc_nano.a
LOAD C:/ST/STM32CubeIDE_1.19.0/STM32CubeIDE/plugins/com.st.stm32cube.ide.mcu.externaltools.gnu-tools-for-stm32.13.3.rel1.win32_1.0.0.202411081344/tools/bin/../lib/gcc/arm-none-eabi/13.3.1/../../../../arm-none-eabi/lib/thumb/v8-m.main+fp/hard\libnosys.a
END GROUP
LOAD C:/ST/STM32CubeIDE_1.19.0/STM32CubeIDE/plugins/com.st.stm32cube.ide.mcu.externaltools.gnu-tools-for-stm32.13.3.rel1.win32_1.0.0.202411081344/tools/bin/../lib/gcc/arm-none-eabi/13.3.1/thumb/v8-m.main+fp/hard/crtend.o
LOAD C:/ST/STM32CubeIDE_1.19.0/STM32CubeIDE/plugins/com.st.stm32cube.ide.mcu.externaltools.gnu-tools-for-stm32.13.3.rel1.win32_1.0.0.202411081344/tools/bin/../lib/gcc/arm-none-eabi/13.3.1/thumb/v8-m.main+fp/hard/crtn.o
                0x20040000                        _estack = (ORIGIN (RAM) + LENGTH (RAM))
                0x00000200                        _Min_Heap_Size = 0x200
                0x00000400                        _Min_Stack_Size = 0x400

.isr_vector     0x08000000      0x238
 *(.isr_vector)
 .isr_vector    0x08000000      0x238 ./Core/Startup/startup_stm32u545retxq.o
                0x08000000                g_pfnVectors

.text           0x08000238    0x1be5c
 *(.text)
 .text          0x08000238       0x40 C:/ST/STM32CubeIDE_1.19.0/STM32CubeIDE/plugins/com.st.stm32cube.ide.mcu.externaltools.gnu-tools-for-stm32.13.3.rel1.win32_1.0.0.202411081344/tools/bin/../lib/gcc/arm-none-eabi/13.3.1/thumb/v8-m.main+fp/hard/crtbegin.o
 .text          0x08000278       0x10 C:/ST/STM32CubeIDE_1.19.0/STM32CubeIDE/plugins/com.st.stm32cube.ide.mcu.externaltools.gnu-tools-for-stm32.13.3.rel1.win32_1.0.0.202411081344/tools/bin/../lib/gcc/arm-none-eabi/13.3.1/../../../../arm-none-eabi/lib/thumb/v8-m.main+fp/hard\libc_nano.a(libc_a-strlen.o)
                0x08000278                strlen
 .text          0x08000288      0x378 C:/ST/STM32CubeIDE_1.19.0/STM32CubeIDE/plugins/com.st.stm32cube.ide.mcu.externaltools.gnu-tools-for-stm32.13.3.rel1.win32_1.0.0.202411081344/tools/bin/../lib/gcc/arm-none-eabi/13.3.1/thumb/v8-m.main+fp/hard\libgcc.a(_arm_addsubdf3.o)
                0x08000288                __aeabi_drsub
                0x08000290                __aeabi_dsub
                0x08000290                __subdf3
                0x08000294                __aeabi_dadd
                0x08000294                __adddf3
                0x0800050c                __floatunsidf
                0x0800050c                __aeabi_ui2d
                0x0800052c                __floatsidf
                0x0800052c                __aeabi_i2d
                0x08000550                __aeabi_f2d
                0x08000550                __extendsfdf2
                0x08000594                __floatundidf
                0x08000594                __aeabi_ul2d
                0x080005a4                __floatdidf
                0x080005a4                __aeabi_l2d
 .text          0x08000600      0x424 C:/ST/STM32CubeIDE_1.19.0/STM32CubeIDE/plugins/com.st.stm32cube.ide.mcu.externaltools.gnu-tools-for-stm32.13.3.rel1.win32_1.0.0.202411081344/tools/bin/../lib/gcc/arm-none-eabi/13.3.1/thumb/v8-m.main+fp/hard\libgcc.a(_arm_muldivdf3.o)
                0x08000600                __aeabi_dmul
                0x08000600                __muldf3
                0x08000854                __divdf3
                0x08000854                __aeabi_ddiv
 .text          0x08000a24      0x110 C:/ST/STM32CubeIDE_1.19.0/STM32CubeIDE/plugins/com.st.stm32cube.ide.mcu.externaltools.gnu-tools-for-stm32.13.3.rel1.win32_1.0.0.202411081344/tools/bin/../lib/gcc/arm-none-eabi/13.3.1/thumb/v8-m.main+fp/hard\libgcc.a(_arm_cmpdf2.o)
                0x08000a24                __gtdf2
                0x08000a24                __gedf2
                0x08000a2c                __ltdf2
                0x08000a2c                __ledf2
                0x08000a34                __nedf2
                0x08000a34                __eqdf2
                0x08000a34                __cmpdf2
                0x08000ab0                __aeabi_cdrcmple
                0x08000ac0                __aeabi_cdcmpeq
                0x08000ac0                __aeabi_cdcmple
                0x08000ad0                __aeabi_dcmpeq
                0x08000ae4                __aeabi_dcmplt
                0x08000af8                __aeabi_dcmple
                0x08000b0c                __aeabi_dcmpge
                0x08000b20                __aeabi_dcmpgt
 .text          0x08000b34       0x2c C:/ST/STM32CubeIDE_1.19.0/STM32CubeIDE/plugins/com.st.stm32cube.ide.mcu.externaltools.gnu-tools-for-stm32.13.3.rel1.win32_1.0.0.202411081344/tools/bin/../lib/gcc/arm-none-eabi/13.3.1/thumb/v8-m.main+fp/hard\libgcc.a(_arm_unorddf2.o)
                0x08000b34                __unorddf2
                0x08000b34                __aeabi_dcmpun
 .text          0x08000b60       0x50 C:/ST/STM32CubeIDE_1.19.0/STM32CubeIDE/plugins/com.st.stm32cube.ide.mcu.externaltools.gnu-tools-for-stm32.13.3.rel1.win32_1.0.0.202411081344/tools/bin/../lib/gcc/arm-none-eabi/13.3.1/thumb/v8-m.main+fp/hard\libgcc.a(_arm_fixdfsi.o)
                0x08000b60                __aeabi_d2iz
                0x08000b60                __fixdfsi
 .text          0x08000bb0       0xa0 C:/ST/STM32CubeIDE_1.19.0/STM32CubeIDE/plugins/com.st.stm32cube.ide.mcu.externaltools.gnu-tools-for-stm32.13.3.rel1.win32_1.0.0.202411081344/tools/bin/../lib/gcc/arm-none-eabi/13.3.1/thumb/v8-m.main+fp/hard\libgcc.a(_aeabi_ldivmod.o)
                0x08000bb0                __aeabi_ldivmod
 .text          0x08000c50       0x30 C:/ST/STM32CubeIDE_1.19.0/STM32CubeIDE/plugins/com.st.stm32cube.ide.mcu.externaltools.gnu-tools-for-stm32.13.3.rel1.win32_1.0.0.202411081344/tools/bin/../lib/gcc/arm-none-eabi/13.3.1/thumb/v8-m.main+fp/hard\libgcc.a(_aeabi_uldivmod.o)
                0x08000c50                __aeabi_uldivmod
 .text          0x08000c80      0x348 C:/ST/STM32CubeIDE_1.19.0/STM32CubeIDE/plugins/com.st.stm32cube.ide.mcu.externaltools.gnu-tools-for-stm32.13.3.rel1.win32_1.0.0.202411081344/tools/bin/../lib/gcc/arm-none-eabi/13.3.1/thumb/v8-m.main+fp/hard\libgcc.a(_udivmoddi4.o)
                0x08000c80                __udivmoddi4
 .text          0x08000fc8        0x4 C:/ST/STM32CubeIDE_1.19.0/STM32CubeIDE/plugins/com.st.stm32cube.ide.mcu.externaltools.gnu-tools-for-stm32.13.3.rel1.win32_1.0.0.202411081344/tools/bin/../lib/gcc/arm-none-eabi/13.3.1/thumb/v8-m.main+fp/hard\libgcc.a(_dvmd_tls.o)
                0x08000fc8                __aeabi_idiv0
                0x08000fc8                __aeabi_ldiv0
 *(.text*)
 .text.app_init
                0x08000fcc      0x118 ./Core/App/app.o
                0x08000fcc                app_init
 .text.app_main
                0x080010e4       0x10 ./Core/App/app.o
                0x080010e4                app_main
 .text.bmp280_init_default_params
                0x080010f4       0x38 ./Core/App/bmp280_lib/bmp280.o
                0x080010f4                bmp280_init_default_params
 .text.read_register16
                0x0800112c       0x60 ./Core/App/bmp280_lib/bmp280.o
 .text.read_data
                0x0800118c       0x50 ./Core/App/bmp280_lib/bmp280.o
 .text.read_calibration_data
                0x080011dc      0x104 ./Core/App/bmp280_lib/bmp280.o
 .text.read_hum_calibration_data
                0x080012e0       0xc2 ./Core/App/bmp280_lib/bmp280.o
 .text.write_register8
                0x080013a2       0x4a ./Core/App/bmp280_lib/bmp280.o
 .text.bmp280_init
                0x080013ec      0x162 ./Core/App/bmp280_lib/bmp280.o
                0x080013ec                bmp280_init
 .text.bmp280_force_measurement
                0x0800154e       0x54 ./Core/App/bmp280_lib/bmp280.o
                0x0800154e                bmp280_force_measurement
 .text.compensate_temperature
                0x080015a2       0x72 ./Core/App/bmp280_lib/bmp280.o
 .text.compensate_pressure
                0x08001614      0x57c ./Core/App/bmp280_lib/bmp280.o
 .text.compensate_humidity
                0x08001b90       0xbe ./Core/App/bmp280_lib/bmp280.o
 .text.bmp280_read_fixed
                0x08001c4e       0xca ./Core/App/bmp280_lib/bmp280.o
                0x08001c4e                bmp280_read_fixed
 .text.bmp280_read_float
                0x08001d18       0x98 ./Core/App/bmp280_lib/bmp280.o
                0x08001d18                bmp280_read_float
 .text.bmp280_api_write_reg
                0x08001db0       0x6c ./Core/App/bmp280_lib/bmp280_api.o
 .text.bmp280_api_read_reg
                0x08001e1c       0x6c ./Core/App/bmp280_lib/bmp280_api.o
 .text.bmp280_api_wait_for_measurement_done
                0x08001e88       0x74 ./Core/App/bmp280_lib/bmp280_api.o
 .text.bmp280_api_measure_internal
                0x08001efc       0xf0 ./Core/App/bmp280_lib/bmp280_api.o
 .text.bmp280_api_init
                0x08001fec       0xe8 ./Core/App/bmp280_lib/bmp280_api.o
                0x08001fec                bmp280_api_init
 .text.bmp280_api_measure_all
                0x080020d4       0x50 ./Core/App/bmp280_lib/bmp280_api.o
                0x080020d4                bmp280_api_measure_all
 .text.bmp280_api_sleep
                0x08002124       0x54 ./Core/App/bmp280_lib/bmp280_api.o
                0x08002124                bmp280_api_sleep
 .text.lcd_write_nibble
                0x08002178       0x88 ./Core/App/lcd_library/lcd.o
                0x08002178                lcd_write_nibble
 .text.lcd_send_cmd
                0x08002200       0x46 ./Core/App/lcd_library/lcd.o
                0x08002200                lcd_send_cmd
 .text.lcd_send_data
                0x08002246       0x34 ./Core/App/lcd_library/lcd.o
                0x08002246                lcd_send_data
 .text.lcd_write_string
                0x0800227a       0x2a ./Core/App/lcd_library/lcd.o
                0x0800227a                lcd_write_string
 .text.lcd_set_cursor
                0x080022a4       0x68 ./Core/App/lcd_library/lcd.o
                0x080022a4                lcd_set_cursor
 .text.lcd_clear
                0x0800230c       0x14 ./Core/App/lcd_library/lcd.o
                0x0800230c                lcd_clear
 .text.lcd_backlight
                0x08002320       0x30 ./Core/App/lcd_library/lcd.o
                0x08002320                lcd_backlight
 .text.lcd_animation_hello_beko
                0x08002350      0x100 ./Core/App/lcd_library/lcd.o
                0x08002350                lcd_animation_hello_beko
 .text.tof_bus_init
                0x08002450       0x50 ./Core/App/vl53l3cx_lib/vl53l3cx_lib.o
 .text.tof_bus_deinit
                0x080024a0       0x10 ./Core/App/vl53l3cx_lib/vl53l3cx_lib.o
 .text.tof_bus_write
                0x080024b0       0x3c ./Core/App/vl53l3cx_lib/vl53l3cx_lib.o
 .text.tof_bus_read
                0x080024ec       0x3c ./Core/App/vl53l3cx_lib/vl53l3cx_lib.o
 .text.tof_bus_get_tick
                0x08002528        0xe ./Core/App/vl53l3cx_lib/vl53l3cx_lib.o
 *fill*         0x08002536        0x2 
 .text.tof_init
                0x08002538       0xd4 ./Core/App/vl53l3cx_lib/vl53l3cx_lib.o
                0x08002538                tof_init
 .text.tof_activate
                0x0800260c       0x38 ./Core/App/vl53l3cx_lib/vl53l3cx_lib.o
 .text.tof_get_distance
                0x08002644       0xbc ./Core/App/vl53l3cx_lib/vl53l3cx_lib.o
                0x08002644                tof_get_distance
 .text.__io_putchar
                0x08002700       0x48 ./Core/Src/main.o
                0x08002700                __io_putchar
 .text.main     0x08002748       0x2a ./Core/Src/main.o
                0x08002748                main
 .text.SystemClock_Config
                0x08002772       0x92 ./Core/Src/main.o
                0x08002772                SystemClock_Config
 .text.SystemPower_Config
                0x08002804       0x18 ./Core/Src/main.o
 .text.MX_I2C1_Init
                0x0800281c       0x7c ./Core/Src/main.o
 .text.MX_ICACHE_Init
                0x08002898       0x26 ./Core/Src/main.o
 *fill*         0x080028be        0x2 
 .text.MX_USART1_UART_Init
                0x080028c0       0x98 ./Core/Src/main.o
 .text.MX_GPIO_Init
                0x08002958       0xc4 ./Core/Src/main.o
 .text.Error_Handler
                0x08002a1c        0xc ./Core/Src/main.o
                0x08002a1c                Error_Handler
 .text.HAL_MspInit
                0x08002a28       0x34 ./Core/Src/stm32u5xx_hal_msp.o
                0x08002a28                HAL_MspInit
 .text.HAL_I2C_MspInit
                0x08002a5c       0xd0 ./Core/Src/stm32u5xx_hal_msp.o
                0x08002a5c                HAL_I2C_MspInit
 .text.HAL_UART_MspInit
                0x08002b2c       0xd0 ./Core/Src/stm32u5xx_hal_msp.o
                0x08002b2c                HAL_UART_MspInit
 .text.NMI_Handler
                0x08002bfc        0x8 ./Core/Src/stm32u5xx_it.o
                0x08002bfc                NMI_Handler
 .text.HardFault_Handler
                0x08002c04        0x8 ./Core/Src/stm32u5xx_it.o
                0x08002c04                HardFault_Handler
 .text.MemManage_Handler
                0x08002c0c        0x8 ./Core/Src/stm32u5xx_it.o
                0x08002c0c                MemManage_Handler
 .text.BusFault_Handler
                0x08002c14        0x8 ./Core/Src/stm32u5xx_it.o
                0x08002c14                BusFault_Handler
 .text.UsageFault_Handler
                0x08002c1c        0x8 ./Core/Src/stm32u5xx_it.o
                0x08002c1c                UsageFault_Handler
 .text.SVC_Handler
                0x08002c24        0xe ./Core/Src/stm32u5xx_it.o
                0x08002c24                SVC_Handler
 .text.DebugMon_Handler
                0x08002c32        0xe ./Core/Src/stm32u5xx_it.o
                0x08002c32                DebugMon_Handler
 .text.PendSV_Handler
                0x08002c40        0xe ./Core/Src/stm32u5xx_it.o
                0x08002c40                PendSV_Handler
 .text.SysTick_Handler
                0x08002c4e        0xc ./Core/Src/stm32u5xx_it.o
                0x08002c4e                SysTick_Handler
 .text._getpid  0x08002c5a       0x10 ./Core/Src/syscalls.o
                0x08002c5a                _getpid
 .text._kill    0x08002c6a       0x20 ./Core/Src/syscalls.o
                0x08002c6a                _kill
 .text._exit    0x08002c8a       0x16 ./Core/Src/syscalls.o
                0x08002c8a                _exit
 .text._read    0x08002ca0       0x3a ./Core/Src/syscalls.o
                0x08002ca0                _read
 .text._write   0x08002cda       0x38 ./Core/Src/syscalls.o
                0x08002cda                _write
 .text._close   0x08002d12       0x18 ./Core/Src/syscalls.o
                0x08002d12                _close
 .text._fstat   0x08002d2a       0x20 ./Core/Src/syscalls.o
                0x08002d2a                _fstat
 .text._isatty  0x08002d4a       0x16 ./Core/Src/syscalls.o
                0x08002d4a                _isatty
 .text._lseek   0x08002d60       0x1a ./Core/Src/syscalls.o
                0x08002d60                _lseek
 *fill*         0x08002d7a        0x2 
 .text._sbrk    0x08002d7c       0x6c ./Core/Src/sysmem.o
                0x08002d7c                _sbrk
 .text.SystemInit
                0x08002de8       0x70 ./Core/Src/system_stm32u5xx.o
                0x08002de8                SystemInit
 .text.Reset_Handler
                0x08002e58       0x50 ./Core/Startup/startup_stm32u545retxq.o
                0x08002e58                Reset_Handler
 .text.Default_Handler
                0x08002ea8        0x2 ./Core/Startup/startup_stm32u545retxq.o
                0x08002ea8                EXTI2_IRQHandler
                0x08002ea8                TIM8_TRG_COM_IRQHandler
                0x08002ea8                TIM8_CC_IRQHandler
                0x08002ea8                EXTI5_IRQHandler
                0x08002ea8                FLASH_S_IRQHandler
                0x08002ea8                EXTI13_IRQHandler
                0x08002ea8                TIM1_CC_IRQHandler
                0x08002ea8                TSC_IRQHandler
                0x08002ea8                TAMP_IRQHandler
                0x08002ea8                TIM6_IRQHandler
                0x08002ea8                EXTI12_IRQHandler
                0x08002ea8                CORDIC_IRQHandler
                0x08002ea8                EXTI3_IRQHandler
                0x08002ea8                LPTIM4_IRQHandler
                0x08002ea8                GPDMA1_Channel5_IRQHandler
                0x08002ea8                EXTI8_IRQHandler
                0x08002ea8                LPTIM2_IRQHandler
                0x08002ea8                I2C3_ER_IRQHandler
                0x08002ea8                PWR_S3WU_IRQHandler
                0x08002ea8                LPDMA1_Channel3_IRQHandler
                0x08002ea8                LPTIM3_IRQHandler
                0x08002ea8                EXTI0_IRQHandler
                0x08002ea8                I2C2_EV_IRQHandler
                0x08002ea8                FPU_IRQHandler
                0x08002ea8                GPDMA1_Channel3_IRQHandler
                0x08002ea8                GPDMA1_Channel7_IRQHandler
                0x08002ea8                FDCAN1_IT1_IRQHandler
                0x08002ea8                RAMCFG_IRQHandler
                0x08002ea8                GPDMA1_Channel9_IRQHandler
                0x08002ea8                DCACHE1_IRQHandler
                0x08002ea8                SPI1_IRQHandler
                0x08002ea8                OCTOSPI1_IRQHandler
                0x08002ea8                GPDMA1_Channel2_IRQHandler
                0x08002ea8                TIM8_UP_IRQHandler
                0x08002ea8                RCC_S_IRQHandler
                0x08002ea8                MDF1_FLT1_IRQHandler
                0x08002ea8                ADC1_IRQHandler
                0x08002ea8                PKA_IRQHandler
                0x08002ea8                EXTI15_IRQHandler
                0x08002ea8                TIM17_IRQHandler
                0x08002ea8                USART3_IRQHandler
                0x08002ea8                RTC_IRQHandler
                0x08002ea8                EXTI9_IRQHandler
                0x08002ea8                UART5_IRQHandler
                0x08002ea8                TIM4_IRQHandler
                0x08002ea8                I2C1_EV_IRQHandler
                0x08002ea8                GPDMA1_Channel12_IRQHandler
                0x08002ea8                GPDMA1_Channel1_IRQHandler
                0x08002ea8                TIM16_IRQHandler
                0x08002ea8                GPDMA1_Channel15_IRQHandler
                0x08002ea8                UART4_IRQHandler
                0x08002ea8                SecureFault_Handler
                0x08002ea8                TIM3_IRQHandler
                0x08002ea8                RCC_IRQHandler
                0x08002ea8                TIM1_TRG_COM_IRQHandler
                0x08002ea8                Default_Handler
                0x08002ea8                GPDMA1_Channel8_IRQHandler
                0x08002ea8                FMAC_IRQHandler
                0x08002ea8                OTFDEC1_IRQHandler
                0x08002ea8                GPDMA1_Channel11_IRQHandler
                0x08002ea8                TIM7_IRQHandler
                0x08002ea8                SDMMC1_IRQHandler
                0x08002ea8                SAES_IRQHandler
                0x08002ea8                TIM5_IRQHandler
                0x08002ea8                GPDMA1_Channel0_IRQHandler
                0x08002ea8                TIM15_IRQHandler
                0x08002ea8                I2C3_EV_IRQHandler
                0x08002ea8                USB_IRQHandler
                0x08002ea8                LPDMA1_Channel0_IRQHandler
                0x08002ea8                PVD_PVM_IRQHandler
                0x08002ea8                SPI2_IRQHandler
                0x08002ea8                LPDMA1_Channel1_IRQHandler
                0x08002ea8                EXTI14_IRQHandler
                0x08002ea8                EXTI11_IRQHandler
                0x08002ea8                CRS_IRQHandler
                0x08002ea8                GPDMA1_Channel14_IRQHandler
                0x08002ea8                LSECSSD_IRQHandler
                0x08002ea8                EXTI4_IRQHandler
                0x08002ea8                RTC_S_IRQHandler
                0x08002ea8                GPDMA1_Channel13_IRQHandler
                0x08002ea8                RNG_IRQHandler
                0x08002ea8                COMP_IRQHandler
                0x08002ea8                TIM1_UP_IRQHandler
                0x08002ea8                ADC4_IRQHandler
                0x08002ea8                WWDG_IRQHandler
                0x08002ea8                I2C4_EV_IRQHandler
                0x08002ea8                ADF1_IRQHandler
                0x08002ea8                IWDG_IRQHandler
                0x08002ea8                LPUART1_IRQHandler
                0x08002ea8                MDF1_FLT0_IRQHandler
                0x08002ea8                FDCAN1_IT0_IRQHandler
                0x08002ea8                TIM2_IRQHandler
                0x08002ea8                GPDMA1_Channel4_IRQHandler
                0x08002ea8                EXTI7_IRQHandler
                0x08002ea8                TIM1_BRK_IRQHandler
                0x08002ea8                EXTI1_IRQHandler
                0x08002ea8                AES_IRQHandler
                0x08002ea8                DAC1_IRQHandler
                0x08002ea8                GTZC_IRQHandler
                0x08002ea8                GPDMA1_Channel6_IRQHandler
                0x08002ea8                I2C2_ER_IRQHandler
                0x08002ea8                TIM8_BRK_IRQHandler
                0x08002ea8                FLASH_IRQHandler
                0x08002ea8                USART1_IRQHandler
                0x08002ea8                EXTI10_IRQHandler
                0x08002ea8                SPI3_IRQHandler
                0x08002ea8                LPDMA1_Channel2_IRQHandler
                0x08002ea8                I2C1_ER_IRQHandler
                0x08002ea8                EXTI6_IRQHandler
                0x08002ea8                LPTIM1_IRQHandler
                0x08002ea8                DCMI_PSSI_IRQHandler
                0x08002ea8                I2C4_ER_IRQHandler
                0x08002ea8                GPDMA1_Channel10_IRQHandler
                0x08002ea8                ICACHE_IRQHandler
                0x08002ea8                SAI1_IRQHandler
                0x08002ea8                HASH_IRQHandler
 .text.VL53LX_DataInit
                0x08002eaa       0xb6 ./Drivers/BSP/Components/vl53l3cx/modules/vl53lx_api.o
                0x08002eaa                VL53LX_DataInit
 .text.VL53LX_WaitDeviceBooted
                0x08002f60       0x26 ./Drivers/BSP/Components/vl53l3cx/modules/vl53lx_api.o
                0x08002f60                VL53LX_WaitDeviceBooted
 *fill*         0x08002f86        0x2 
 .text.ComputeDevicePresetMode
                0x08002f88       0x60 ./Drivers/BSP/Components/vl53l3cx/modules/vl53lx_api.o
 .text.SetPresetModeL3CX
                0x08002fe8       0xb6 ./Drivers/BSP/Components/vl53l3cx/modules/vl53lx_api.o
 .text.IsL4     0x0800309e       0x38 ./Drivers/BSP/Components/vl53l3cx/modules/vl53lx_api.o
 .text.VL53LX_SetDistanceMode
                0x080030d6       0xd0 ./Drivers/BSP/Components/vl53l3cx/modules/vl53lx_api.o
                0x080030d6                VL53LX_SetDistanceMode
 *fill*         0x080031a6        0x2 
 .text.VL53LX_SetMeasurementTimingBudgetMicroSeconds
                0x080031a8       0xf0 ./Drivers/BSP/Components/vl53l3cx/modules/vl53lx_api.o
                0x080031a8                VL53LX_SetMeasurementTimingBudgetMicroSeconds
 .text.VL53LX_StartMeasurement
                0x08003298       0x9c ./Drivers/BSP/Components/vl53l3cx/modules/vl53lx_api.o
                0x08003298                VL53LX_StartMeasurement
 .text.VL53LX_ClearInterruptAndStartMeasurement
                0x08003334       0x2c ./Drivers/BSP/Components/vl53l3cx/modules/vl53lx_api.o
                0x08003334                VL53LX_ClearInterruptAndStartMeasurement
 .text.VL53LX_GetMeasurementDataReady
                0x08003360       0x26 ./Drivers/BSP/Components/vl53l3cx/modules/vl53lx_api.o
                0x08003360                VL53LX_GetMeasurementDataReady
 *fill*         0x08003386        0x2 
 .text.ConvertStatusHisto
                0x08003388       0xa8 ./Drivers/BSP/Components/vl53l3cx/modules/vl53lx_api.o
 .text.SetTargetData
                0x08003430      0x5ac ./Drivers/BSP/Components/vl53l3cx/modules/vl53lx_api.o
 .text.SetMeasurementData
                0x080039dc      0x142 ./Drivers/BSP/Components/vl53l3cx/modules/vl53lx_api.o
 .text.VL53LX_GetMultiRangingData
                0x08003b1e       0x4e ./Drivers/BSP/Components/vl53l3cx/modules/vl53lx_api.o
                0x08003b1e                VL53LX_GetMultiRangingData
 .text.VL53LX_PerformRefSpadManagement
                0x08003b6c      0x108 ./Drivers/BSP/Components/vl53l3cx/modules/vl53lx_api.o
                0x08003b6c                VL53LX_PerformRefSpadManagement
 .text.VL53LX_SmudgeCorrectionEnable
                0x08003c74       0xf0 ./Drivers/BSP/Components/vl53l3cx/modules/vl53lx_api.o
                0x08003c74                VL53LX_SmudgeCorrectionEnable
 .text.VL53LX_run_ref_spad_char
                0x08003d64      0x19a ./Drivers/BSP/Components/vl53l3cx/modules/vl53lx_api_calibration.o
                0x08003d64                VL53LX_run_ref_spad_char
 .text.VL53LX_run_device_test
                0x08003efe       0xea ./Drivers/BSP/Components/vl53l3cx/modules/vl53lx_api_calibration.o
                0x08003efe                VL53LX_run_device_test
 .text.select_offset_per_vcsel
                0x08003fe8       0xce ./Drivers/BSP/Components/vl53l3cx/modules/vl53lx_api_core.o
 .text.vl53lx_diff_histo_stddev
                0x080040b6      0x122 ./Drivers/BSP/Components/vl53l3cx/modules/vl53lx_api_core.o
 .text.vl53lx_histo_merge
                0x080041d8      0x2d2 ./Drivers/BSP/Components/vl53l3cx/modules/vl53lx_api_core.o
 *fill*         0x080044aa        0x2 
 .text.VL53LX_load_patch
                0x080044ac      0x25c ./Drivers/BSP/Components/vl53l3cx/modules/vl53lx_api_core.o
                0x080044ac                VL53LX_load_patch
 .text.VL53LX_data_init
                0x08004708      0x362 ./Drivers/BSP/Components/vl53l3cx/modules/vl53lx_api_core.o
                0x08004708                VL53LX_data_init
 .text.VL53LX_read_p2p_data
                0x08004a6a      0x24c ./Drivers/BSP/Components/vl53l3cx/modules/vl53lx_api_core.o
                0x08004a6a                VL53LX_read_p2p_data
 .text.VL53LX_set_inter_measurement_period_ms
                0x08004cb6       0x5c ./Drivers/BSP/Components/vl53l3cx/modules/vl53lx_api_core.o
                0x08004cb6                VL53LX_set_inter_measurement_period_ms
 .text.VL53LX_set_timeouts_us
                0x08004d12       0x72 ./Drivers/BSP/Components/vl53l3cx/modules/vl53lx_api_core.o
                0x08004d12                VL53LX_set_timeouts_us
 .text.VL53LX_get_timeouts_us
                0x08004d84       0xd4 ./Drivers/BSP/Components/vl53l3cx/modules/vl53lx_api_core.o
                0x08004d84                VL53LX_get_timeouts_us
 .text.VL53LX_set_user_zone
                0x08004e58       0x48 ./Drivers/BSP/Components/vl53l3cx/modules/vl53lx_api_core.o
                0x08004e58                VL53LX_set_user_zone
 .text.VL53LX_get_mode_mitigation_roi
                0x08004ea0       0x6a ./Drivers/BSP/Components/vl53l3cx/modules/vl53lx_api_core.o
                0x08004ea0                VL53LX_get_mode_mitigation_roi
 .text.VL53LX_get_preset_mode_timing_cfg
                0x08004f0a       0xc2 ./Drivers/BSP/Components/vl53l3cx/modules/vl53lx_api_core.o
                0x08004f0a                VL53LX_get_preset_mode_timing_cfg
 .text.VL53LX_set_preset_mode
                0x08004fcc      0x186 ./Drivers/BSP/Components/vl53l3cx/modules/vl53lx_api_core.o
                0x08004fcc                VL53LX_set_preset_mode
 *fill*         0x08005152        0x2 
 .text.VL53LX_init_and_start_range
                0x08005154      0x59c ./Drivers/BSP/Components/vl53l3cx/modules/vl53lx_api_core.o
                0x08005154                VL53LX_init_and_start_range
 .text.VL53LX_get_measurement_results
                0x080056f0      0x17e ./Drivers/BSP/Components/vl53l3cx/modules/vl53lx_api_core.o
                0x080056f0                VL53LX_get_measurement_results
 .text.VL53LX_get_device_results
                0x0800586e      0x804 ./Drivers/BSP/Components/vl53l3cx/modules/vl53lx_api_core.o
                0x0800586e                VL53LX_get_device_results
 .text.VL53LX_clear_interrupt_and_enable_next_range
                0x08006072       0x34 ./Drivers/BSP/Components/vl53l3cx/modules/vl53lx_api_core.o
                0x08006072                VL53LX_clear_interrupt_and_enable_next_range
 *fill*         0x080060a6        0x2 
 .text.VL53LX_get_histogram_bin_data
                0x080060a8      0x604 ./Drivers/BSP/Components/vl53l3cx/modules/vl53lx_api_core.o
                0x080060a8                VL53LX_get_histogram_bin_data
 .text.VL53LX_copy_sys_and_core_results_to_range_results
                0x080066ac      0x2e8 ./Drivers/BSP/Components/vl53l3cx/modules/vl53lx_api_core.o
                0x080066ac                VL53LX_copy_sys_and_core_results_to_range_results
 .text.VL53LX_set_zone_dss_config
                0x08006994       0x4e ./Drivers/BSP/Components/vl53l3cx/modules/vl53lx_api_core.o
                0x08006994                VL53LX_set_zone_dss_config
 .text.VL53LX_set_dmax_mode
                0x080069e2       0x2c ./Drivers/BSP/Components/vl53l3cx/modules/vl53lx_api_core.o
                0x080069e2                VL53LX_set_dmax_mode
 .text.VL53LX_get_dmax_calibration_data
                0x08006a0e       0x54 ./Drivers/BSP/Components/vl53l3cx/modules/vl53lx_api_core.o
                0x08006a0e                VL53LX_get_dmax_calibration_data
 *fill*         0x08006a62        0x2 
 .text.VL53LX_get_tuning_parm
                0x08006a64      0xde8 ./Drivers/BSP/Components/vl53l3cx/modules/vl53lx_api_core.o
                0x08006a64                VL53LX_get_tuning_parm
 .text.VL53LX_dynamic_xtalk_correction_enable
                0x0800784c       0x2e ./Drivers/BSP/Components/vl53l3cx/modules/vl53lx_api_core.o
                0x0800784c                VL53LX_dynamic_xtalk_correction_enable
 .text.VL53LX_dynamic_xtalk_correction_disable
                0x0800787a       0x2e ./Drivers/BSP/Components/vl53l3cx/modules/vl53lx_api_core.o
                0x0800787a                VL53LX_dynamic_xtalk_correction_disable
 .text.VL53LX_dynamic_xtalk_correction_apply_disable
                0x080078a8       0x2e ./Drivers/BSP/Components/vl53l3cx/modules/vl53lx_api_core.o
                0x080078a8                VL53LX_dynamic_xtalk_correction_apply_disable
 .text.VL53LX_dynamic_xtalk_correction_single_apply_enable
                0x080078d6       0x2e ./Drivers/BSP/Components/vl53l3cx/modules/vl53lx_api_core.o
                0x080078d6                VL53LX_dynamic_xtalk_correction_single_apply_enable
 .text.VL53LX_dynamic_xtalk_correction_single_apply_disable
                0x08007904       0x2e ./Drivers/BSP/Components/vl53l3cx/modules/vl53lx_api_core.o
                0x08007904                VL53LX_dynamic_xtalk_correction_single_apply_disable
 .text.VL53LX_dynamic_xtalk_correction_apply_enable
                0x08007932       0x2e ./Drivers/BSP/Components/vl53l3cx/modules/vl53lx_api_core.o
                0x08007932                VL53LX_dynamic_xtalk_correction_apply_enable
 .text.VL53LX_init_refspadchar_config_struct
                0x08007960       0x48 ./Drivers/BSP/Components/vl53l3cx/modules/vl53lx_api_preset_modes.o
                0x08007960                VL53LX_init_refspadchar_config_struct
 .text.VL53LX_init_ssc_config_struct
                0x080079a8       0x42 ./Drivers/BSP/Components/vl53l3cx/modules/vl53lx_api_preset_modes.o
                0x080079a8                VL53LX_init_ssc_config_struct
 .text.VL53LX_init_xtalk_config_struct
                0x080079ea       0xe6 ./Drivers/BSP/Components/vl53l3cx/modules/vl53lx_api_preset_modes.o
                0x080079ea                VL53LX_init_xtalk_config_struct
 .text.VL53LX_init_xtalk_extract_config_struct
                0x08007ad0       0x5e ./Drivers/BSP/Components/vl53l3cx/modules/vl53lx_api_preset_modes.o
                0x08007ad0                VL53LX_init_xtalk_extract_config_struct
 .text.VL53LX_init_offset_cal_config_struct
                0x08007b2e       0x4e ./Drivers/BSP/Components/vl53l3cx/modules/vl53lx_api_preset_modes.o
                0x08007b2e                VL53LX_init_offset_cal_config_struct
 .text.VL53LX_init_zone_cal_config_struct
                0x08007b7c       0x48 ./Drivers/BSP/Components/vl53l3cx/modules/vl53lx_api_preset_modes.o
                0x08007b7c                VL53LX_init_zone_cal_config_struct
 .text.VL53LX_init_hist_post_process_config_struct
                0x08007bc4       0xde ./Drivers/BSP/Components/vl53l3cx/modules/vl53lx_api_preset_modes.o
                0x08007bc4                VL53LX_init_hist_post_process_config_struct
 .text.VL53LX_init_tuning_parm_storage_struct
                0x08007ca2      0x338 ./Drivers/BSP/Components/vl53l3cx/modules/vl53lx_api_preset_modes.o
                0x08007ca2                VL53LX_init_tuning_parm_storage_struct
 .text.VL53LX_init_hist_gen3_dmax_config_struct
                0x08007fda       0x6c ./Drivers/BSP/Components/vl53l3cx/modules/vl53lx_api_preset_modes.o
                0x08007fda                VL53LX_init_hist_gen3_dmax_config_struct
 .text.VL53LX_preset_mode_standard_ranging
                0x08008046      0x2f2 ./Drivers/BSP/Components/vl53l3cx/modules/vl53lx_api_preset_modes.o
                0x08008046                VL53LX_preset_mode_standard_ranging
 .text.VL53LX_preset_mode_histogram_ranging
                0x08008338      0x12a ./Drivers/BSP/Components/vl53l3cx/modules/vl53lx_api_preset_modes.o
                0x08008338                VL53LX_preset_mode_histogram_ranging
 .text.VL53LX_preset_mode_histogram_long_range
                0x08008462      0x13c ./Drivers/BSP/Components/vl53l3cx/modules/vl53lx_api_preset_modes.o
                0x08008462                VL53LX_preset_mode_histogram_long_range
 .text.VL53LX_preset_mode_histogram_medium_range
                0x0800859e      0x13c ./Drivers/BSP/Components/vl53l3cx/modules/vl53lx_api_preset_modes.o
                0x0800859e                VL53LX_preset_mode_histogram_medium_range
 .text.VL53LX_preset_mode_histogram_short_range
                0x080086da      0x13c ./Drivers/BSP/Components/vl53l3cx/modules/vl53lx_api_preset_modes.o
                0x080086da                VL53LX_preset_mode_histogram_short_range
 .text.VL53LX_copy_hist_cfg_to_static_cfg
                0x08008816       0xde ./Drivers/BSP/Components/vl53l3cx/modules/vl53lx_api_preset_modes.o
                0x08008816                VL53LX_copy_hist_cfg_to_static_cfg
 .text.VL53LX_copy_hist_bins_to_static_cfg
                0x080088f4       0xbc ./Drivers/BSP/Components/vl53l3cx/modules/vl53lx_api_preset_modes.o
                0x080088f4                VL53LX_copy_hist_bins_to_static_cfg
 .text.VL53LX_init_version
                0x080089b0       0x38 ./Drivers/BSP/Components/vl53l3cx/modules/vl53lx_core.o
                0x080089b0                VL53LX_init_version
 .text.VL53LX_init_ll_driver_state
                0x080089e8       0x60 ./Drivers/BSP/Components/vl53l3cx/modules/vl53lx_core.o
                0x080089e8                VL53LX_init_ll_driver_state
 .text.VL53LX_update_ll_driver_rd_state
                0x08008a48      0x1dc ./Drivers/BSP/Components/vl53l3cx/modules/vl53lx_core.o
                0x08008a48                VL53LX_update_ll_driver_rd_state
 .text.VL53LX_check_ll_driver_rd_state
                0x08008c24      0x164 ./Drivers/BSP/Components/vl53l3cx/modules/vl53lx_core.o
                0x08008c24                VL53LX_check_ll_driver_rd_state
 .text.VL53LX_update_ll_driver_cfg_state
                0x08008d88      0x24c ./Drivers/BSP/Components/vl53l3cx/modules/vl53lx_core.o
                0x08008d88                VL53LX_update_ll_driver_cfg_state
 .text.VL53LX_copy_rtn_good_spads_to_buffer
                0x08008fd4      0x174 ./Drivers/BSP/Components/vl53l3cx/modules/vl53lx_core.o
                0x08008fd4                VL53LX_copy_rtn_good_spads_to_buffer
 .text.VL53LX_init_system_results
                0x08009148       0xcc ./Drivers/BSP/Components/vl53l3cx/modules/vl53lx_core.o
                0x08009148                VL53LX_init_system_results
 .text.V53L1_init_zone_results_structure
                0x08009214       0x6a ./Drivers/BSP/Components/vl53l3cx/modules/vl53lx_core.o
                0x08009214                V53L1_init_zone_results_structure
 .text.VL53LX_init_histogram_config_structure
                0x0800927e      0x120 ./Drivers/BSP/Components/vl53l3cx/modules/vl53lx_core.o
                0x0800927e                VL53LX_init_histogram_config_structure
 .text.VL53LX_init_histogram_multizone_config_structure
                0x0800939e      0x120 ./Drivers/BSP/Components/vl53l3cx/modules/vl53lx_core.o
                0x0800939e                VL53LX_init_histogram_multizone_config_structure
 .text.VL53LX_init_xtalk_bin_data_struct
                0x080094be       0xa6 ./Drivers/BSP/Components/vl53l3cx/modules/vl53lx_core.o
                0x080094be                VL53LX_init_xtalk_bin_data_struct
 .text.VL53LX_i2c_encode_uint16_t
                0x08009564       0x56 ./Drivers/BSP/Components/vl53l3cx/modules/vl53lx_core.o
                0x08009564                VL53LX_i2c_encode_uint16_t
 .text.VL53LX_i2c_decode_uint16_t
                0x080095ba       0x42 ./Drivers/BSP/Components/vl53l3cx/modules/vl53lx_core.o
                0x080095ba                VL53LX_i2c_decode_uint16_t
 .text.VL53LX_i2c_encode_int16_t
                0x080095fc       0x58 ./Drivers/BSP/Components/vl53l3cx/modules/vl53lx_core.o
                0x080095fc                VL53LX_i2c_encode_int16_t
 .text.VL53LX_i2c_decode_int16_t
                0x08009654       0x50 ./Drivers/BSP/Components/vl53l3cx/modules/vl53lx_core.o
                0x08009654                VL53LX_i2c_decode_int16_t
 .text.VL53LX_i2c_encode_uint32_t
                0x080096a4       0x54 ./Drivers/BSP/Components/vl53l3cx/modules/vl53lx_core.o
                0x080096a4                VL53LX_i2c_encode_uint32_t
 .text.VL53LX_i2c_decode_uint32_t
                0x080096f8       0x3a ./Drivers/BSP/Components/vl53l3cx/modules/vl53lx_core.o
                0x080096f8                VL53LX_i2c_decode_uint32_t
 .text.VL53LX_i2c_decode_int32_t
                0x08009732       0x4a ./Drivers/BSP/Components/vl53l3cx/modules/vl53lx_core.o
                0x08009732                VL53LX_i2c_decode_int32_t
 .text.VL53LX_start_test
                0x0800977c       0x34 ./Drivers/BSP/Components/vl53l3cx/modules/vl53lx_core.o
                0x0800977c                VL53LX_start_test
 .text.VL53LX_set_firmware_enable_register
                0x080097b0       0x3e ./Drivers/BSP/Components/vl53l3cx/modules/vl53lx_core.o
                0x080097b0                VL53LX_set_firmware_enable_register
 .text.VL53LX_enable_firmware
                0x080097ee       0x24 ./Drivers/BSP/Components/vl53l3cx/modules/vl53lx_core.o
                0x080097ee                VL53LX_enable_firmware
 .text.VL53LX_disable_firmware
                0x08009812       0x24 ./Drivers/BSP/Components/vl53l3cx/modules/vl53lx_core.o
                0x08009812                VL53LX_disable_firmware
 .text.VL53LX_set_powerforce_register
                0x08009836       0x3e ./Drivers/BSP/Components/vl53l3cx/modules/vl53lx_core.o
                0x08009836                VL53LX_set_powerforce_register
 .text.VL53LX_enable_powerforce
                0x08009874       0x24 ./Drivers/BSP/Components/vl53l3cx/modules/vl53lx_core.o
                0x08009874                VL53LX_enable_powerforce
 .text.VL53LX_disable_powerforce
                0x08009898       0x24 ./Drivers/BSP/Components/vl53l3cx/modules/vl53lx_core.o
                0x08009898                VL53LX_disable_powerforce
 .text.VL53LX_clear_interrupt
                0x080098bc       0x3a ./Drivers/BSP/Components/vl53l3cx/modules/vl53lx_core.o
                0x080098bc                VL53LX_clear_interrupt
 .text.VL53LX_calc_macro_period_us
                0x080098f6       0x5e ./Drivers/BSP/Components/vl53l3cx/modules/vl53lx_core.o
                0x080098f6                VL53LX_calc_macro_period_us
 .text.VL53LX_calc_range_ignore_threshold
                0x08009954       0xc4 ./Drivers/BSP/Components/vl53l3cx/modules/vl53lx_core.o
                0x08009954                VL53LX_calc_range_ignore_threshold
 .text.VL53LX_calc_timeout_mclks
                0x08009a18       0x3a ./Drivers/BSP/Components/vl53l3cx/modules/vl53lx_core.o
                0x08009a18                VL53LX_calc_timeout_mclks
 .text.VL53LX_calc_encoded_timeout
                0x08009a52       0x30 ./Drivers/BSP/Components/vl53l3cx/modules/vl53lx_core.o
                0x08009a52                VL53LX_calc_encoded_timeout
 .text.VL53LX_calc_timeout_us
                0x08009a82       0x80 ./Drivers/BSP/Components/vl53l3cx/modules/vl53lx_core.o
                0x08009a82                VL53LX_calc_timeout_us
 *fill*         0x08009b02        0x2 
 .text.VL53LX_calc_crosstalk_plane_offset_with_margin
                0x08009b04       0x4c ./Drivers/BSP/Components/vl53l3cx/modules/vl53lx_core.o
                0x08009b04                VL53LX_calc_crosstalk_plane_offset_with_margin
 .text.VL53LX_calc_decoded_timeout_us
                0x08009b50       0x32 ./Drivers/BSP/Components/vl53l3cx/modules/vl53lx_core.o
                0x08009b50                VL53LX_calc_decoded_timeout_us
 .text.VL53LX_encode_timeout
                0x08009b82       0x54 ./Drivers/BSP/Components/vl53l3cx/modules/vl53lx_core.o
                0x08009b82                VL53LX_encode_timeout
 .text.VL53LX_decode_timeout
                0x08009bd6       0x2c ./Drivers/BSP/Components/vl53l3cx/modules/vl53lx_core.o
                0x08009bd6                VL53LX_decode_timeout
 .text.VL53LX_calc_timeout_register_values
                0x08009c02       0xf2 ./Drivers/BSP/Components/vl53l3cx/modules/vl53lx_core.o
                0x08009c02                VL53LX_calc_timeout_register_values
 .text.VL53LX_hist_copy_and_scale_ambient_info
                0x08009cf4      0x1fc ./Drivers/BSP/Components/vl53l3cx/modules/vl53lx_core.o
                0x08009cf4                VL53LX_hist_copy_and_scale_ambient_info
 .text.VL53LX_hist_get_bin_sequence_config
                0x08009ef0      0x2bc ./Drivers/BSP/Components/vl53l3cx/modules/vl53lx_core.o
                0x08009ef0                VL53LX_hist_get_bin_sequence_config
 .text.VL53LX_hist_phase_consistency_check
                0x0800a1ac      0x262 ./Drivers/BSP/Components/vl53l3cx/modules/vl53lx_core.o
                0x0800a1ac                VL53LX_hist_phase_consistency_check
 .text.VL53LX_hist_events_consistency_check
                0x0800a40e      0x624 ./Drivers/BSP/Components/vl53l3cx/modules/vl53lx_core.o
                0x0800a40e                VL53LX_hist_events_consistency_check
 .text.VL53LX_hist_merged_pulse_check
                0x0800aa32       0x86 ./Drivers/BSP/Components/vl53l3cx/modules/vl53lx_core.o
                0x0800aa32                VL53LX_hist_merged_pulse_check
 .text.VL53LX_hist_xmonitor_consistency_check
                0x0800aab8       0xb0 ./Drivers/BSP/Components/vl53l3cx/modules/vl53lx_core.o
                0x0800aab8                VL53LX_hist_xmonitor_consistency_check
 .text.VL53LX_hist_wrap_dmax
                0x0800ab68       0x6c ./Drivers/BSP/Components/vl53l3cx/modules/vl53lx_core.o
                0x0800ab68                VL53LX_hist_wrap_dmax
 .text.VL53LX_hist_combine_mm1_mm2_offsets
                0x0800abd4      0x11e ./Drivers/BSP/Components/vl53l3cx/modules/vl53lx_core.o
                0x0800abd4                VL53LX_hist_combine_mm1_mm2_offsets
 .text.VL53LX_spad_number_to_byte_bit_index
                0x0800acf2       0x42 ./Drivers/BSP/Components/vl53l3cx/modules/vl53lx_core.o
                0x0800acf2                VL53LX_spad_number_to_byte_bit_index
 .text.VL53LX_encode_row_col
                0x0800ad34       0x4e ./Drivers/BSP/Components/vl53l3cx/modules/vl53lx_core.o
                0x0800ad34                VL53LX_encode_row_col
 .text.VL53LX_decode_zone_size
                0x0800ad82       0x30 ./Drivers/BSP/Components/vl53l3cx/modules/vl53lx_core.o
                0x0800ad82                VL53LX_decode_zone_size
 .text.VL53LX_encode_zone_size
                0x0800adb2       0x2c ./Drivers/BSP/Components/vl53l3cx/modules/vl53lx_core.o
                0x0800adb2                VL53LX_encode_zone_size
 .text.VL53LX_decode_zone_limits
                0x0800adde       0xea ./Drivers/BSP/Components/vl53l3cx/modules/vl53lx_core.o
                0x0800adde                VL53LX_decode_zone_limits
 .text.VL53LX_is_aperture_location
                0x0800aec8       0x52 ./Drivers/BSP/Components/vl53l3cx/modules/vl53lx_core.o
                0x0800aec8                VL53LX_is_aperture_location
 .text.VL53LX_calc_max_effective_spads
                0x0800af1a      0x11c ./Drivers/BSP/Components/vl53l3cx/modules/vl53lx_core.o
                0x0800af1a                VL53LX_calc_max_effective_spads
 .text.VL53LX_calc_mm_effective_spads
                0x0800b036      0x19e ./Drivers/BSP/Components/vl53l3cx/modules/vl53lx_core.o
                0x0800b036                VL53LX_calc_mm_effective_spads
 .text.VL53LX_hist_copy_results_to_sys_and_core
                0x0800b1d4      0x136 ./Drivers/BSP/Components/vl53l3cx/modules/vl53lx_core.o
                0x0800b1d4                VL53LX_hist_copy_results_to_sys_and_core
 .text.VL53LX_save_cfg_data
                0x0800b30a       0x72 ./Drivers/BSP/Components/vl53l3cx/modules/vl53lx_core.o
                0x0800b30a                VL53LX_save_cfg_data
 .text.VL53LX_dynamic_zone_update
                0x0800b37c       0xf4 ./Drivers/BSP/Components/vl53l3cx/modules/vl53lx_core.o
                0x0800b37c                VL53LX_dynamic_zone_update
 .text.VL53LX_multizone_hist_bins_update
                0x0800b470      0x154 ./Drivers/BSP/Components/vl53l3cx/modules/vl53lx_core.o
                0x0800b470                VL53LX_multizone_hist_bins_update
 .text.VL53LX_update_internal_stream_counters
                0x0800b5c4       0x7e ./Drivers/BSP/Components/vl53l3cx/modules/vl53lx_core.o
                0x0800b5c4                VL53LX_update_internal_stream_counters
 .text.VL53LX_set_ref_spad_char_config
                0x0800b642      0x146 ./Drivers/BSP/Components/vl53l3cx/modules/vl53lx_core.o
                0x0800b642                VL53LX_set_ref_spad_char_config
 .text.VL53LX_dynamic_xtalk_correction_calc_required_samples
                0x0800b788      0x2ca ./Drivers/BSP/Components/vl53l3cx/modules/vl53lx_core.o
                0x0800b788                VL53LX_dynamic_xtalk_correction_calc_required_samples
 *fill*         0x0800ba52        0x2 
 .text.VL53LX_dynamic_xtalk_correction_calc_new_xtalk
                0x0800ba54      0x368 ./Drivers/BSP/Components/vl53l3cx/modules/vl53lx_core.o
                0x0800ba54                VL53LX_dynamic_xtalk_correction_calc_new_xtalk
 .text.VL53LX_dynamic_xtalk_correction_corrector
                0x0800bdbc      0x564 ./Drivers/BSP/Components/vl53l3cx/modules/vl53lx_core.o
                0x0800bdbc                VL53LX_dynamic_xtalk_correction_corrector
 .text.VL53LX_dynamic_xtalk_correction_data_init
                0x0800c320      0x18c ./Drivers/BSP/Components/vl53l3cx/modules/vl53lx_core.o
                0x0800c320                VL53LX_dynamic_xtalk_correction_data_init
 .text.VL53LX_dynamic_xtalk_correction_output_init
                0x0800c4ac       0x60 ./Drivers/BSP/Components/vl53l3cx/modules/vl53lx_core.o
                0x0800c4ac                VL53LX_dynamic_xtalk_correction_output_init
 .text.VL53LX_xtalk_cal_data_init
                0x0800c50c       0x56 ./Drivers/BSP/Components/vl53l3cx/modules/vl53lx_core.o
                0x0800c50c                VL53LX_xtalk_cal_data_init
 .text.VL53LX_low_power_auto_data_init
                0x0800c562       0x90 ./Drivers/BSP/Components/vl53l3cx/modules/vl53lx_core.o
                0x0800c562                VL53LX_low_power_auto_data_init
 .text.VL53LX_low_power_auto_setup_manual_calibration
                0x0800c5f2       0xa4 ./Drivers/BSP/Components/vl53l3cx/modules/vl53lx_core.o
                0x0800c5f2                VL53LX_low_power_auto_setup_manual_calibration
 .text.VL53LX_low_power_auto_update_DSS
                0x0800c696      0x112 ./Drivers/BSP/Components/vl53l3cx/modules/vl53lx_core.o
                0x0800c696                VL53LX_low_power_auto_update_DSS
 .text.VL53LX_compute_histo_merge_nb
                0x0800c7a8       0x80 ./Drivers/BSP/Components/vl53l3cx/modules/vl53lx_core.o
                0x0800c7a8                VL53LX_compute_histo_merge_nb
 .text.VL53LX_calc_pll_period_us
                0x0800c828       0x2e ./Drivers/BSP/Components/vl53l3cx/modules/vl53lx_core_support.o
                0x0800c828                VL53LX_calc_pll_period_us
 .text.VL53LX_duration_maths
                0x0800c856       0xb2 ./Drivers/BSP/Components/vl53l3cx/modules/vl53lx_core_support.o
                0x0800c856                VL53LX_duration_maths
 .text.VL53LX_events_per_spad_maths
                0x0800c908      0x132 ./Drivers/BSP/Components/vl53l3cx/modules/vl53lx_core_support.o
                0x0800c908                VL53LX_events_per_spad_maths
 .text.VL53LX_isqrt
                0x0800ca3a       0x68 ./Drivers/BSP/Components/vl53l3cx/modules/vl53lx_core_support.o
                0x0800ca3a                VL53LX_isqrt
 .text.VL53LX_hist_calc_zero_distance_phase
                0x0800caa2       0x80 ./Drivers/BSP/Components/vl53l3cx/modules/vl53lx_core_support.o
                0x0800caa2                VL53LX_hist_calc_zero_distance_phase
 .text.VL53LX_hist_estimate_ambient_from_thresholded_bins
                0x0800cb22       0xf4 ./Drivers/BSP/Components/vl53l3cx/modules/vl53lx_core_support.o
                0x0800cb22                VL53LX_hist_estimate_ambient_from_thresholded_bins
 .text.VL53LX_hist_remove_ambient_bins
                0x0800cc16       0xf2 ./Drivers/BSP/Components/vl53l3cx/modules/vl53lx_core_support.o
                0x0800cc16                VL53LX_hist_remove_ambient_bins
 .text.VL53LX_calc_pll_period_mm
                0x0800cd08       0x3e ./Drivers/BSP/Components/vl53l3cx/modules/vl53lx_core_support.o
                0x0800cd08                VL53LX_calc_pll_period_mm
 .text.VL53LX_rate_maths
                0x0800cd46       0x8a ./Drivers/BSP/Components/vl53l3cx/modules/vl53lx_core_support.o
                0x0800cd46                VL53LX_rate_maths
 .text.VL53LX_rate_per_spad_maths
                0x0800cdd0       0x68 ./Drivers/BSP/Components/vl53l3cx/modules/vl53lx_core_support.o
                0x0800cdd0                VL53LX_rate_per_spad_maths
 .text.VL53LX_range_maths
                0x0800ce38      0x1d0 ./Drivers/BSP/Components/vl53l3cx/modules/vl53lx_core_support.o
                0x0800ce38                VL53LX_range_maths
 .text.VL53LX_decode_vcsel_period
                0x0800d008       0x26 ./Drivers/BSP/Components/vl53l3cx/modules/vl53lx_core_support.o
                0x0800d008                VL53LX_decode_vcsel_period
 .text.VL53LX_copy_xtalk_bin_data_to_histogram_data_struct
                0x0800d02e       0x7c ./Drivers/BSP/Components/vl53l3cx/modules/vl53lx_core_support.o
                0x0800d02e                VL53LX_copy_xtalk_bin_data_to_histogram_data_struct
 .text.VL53LX_init_histogram_bin_data_struct
                0x0800d0aa      0x152 ./Drivers/BSP/Components/vl53l3cx/modules/vl53lx_core_support.o
                0x0800d0aa                VL53LX_init_histogram_bin_data_struct
 .text.VL53LX_decode_row_col
                0x0800d1fc       0x5e ./Drivers/BSP/Components/vl53l3cx/modules/vl53lx_core_support.o
                0x0800d1fc                VL53LX_decode_row_col
 .text.VL53LX_hist_find_min_max_bin_values
                0x0800d25a       0x84 ./Drivers/BSP/Components/vl53l3cx/modules/vl53lx_core_support.o
                0x0800d25a                VL53LX_hist_find_min_max_bin_values
 .text.VL53LX_hist_estimate_ambient_from_ambient_bins
                0x0800d2de       0x96 ./Drivers/BSP/Components/vl53l3cx/modules/vl53lx_core_support.o
                0x0800d2de                VL53LX_hist_estimate_ambient_from_ambient_bins
 .text.VL53LX_f_001
                0x0800d374      0x84a ./Drivers/BSP/Components/vl53l3cx/modules/vl53lx_dmax.o
                0x0800d374                VL53LX_f_001
 .text.VL53LX_f_002
                0x0800dbbe       0x72 ./Drivers/BSP/Components/vl53l3cx/modules/vl53lx_dmax.o
                0x0800dbbe                VL53LX_f_002
 .text.VL53LX_f_003
                0x0800dc30       0xf2 ./Drivers/BSP/Components/vl53l3cx/modules/vl53lx_hist_algos_gen3.o
                0x0800dc30                VL53LX_f_003
 .text.VL53LX_f_006
                0x0800dd22      0x260 ./Drivers/BSP/Components/vl53l3cx/modules/vl53lx_hist_algos_gen3.o
                0x0800dd22                VL53LX_f_006
 .text.VL53LX_f_007
                0x0800df82       0x9c ./Drivers/BSP/Components/vl53l3cx/modules/vl53lx_hist_algos_gen3.o
                0x0800df82                VL53LX_f_007
 .text.VL53LX_f_008
                0x0800e01e       0xfc ./Drivers/BSP/Components/vl53l3cx/modules/vl53lx_hist_algos_gen3.o
                0x0800e01e                VL53LX_f_008
 .text.VL53LX_f_009
                0x0800e11a      0x1a4 ./Drivers/BSP/Components/vl53l3cx/modules/vl53lx_hist_algos_gen3.o
                0x0800e11a                VL53LX_f_009
 .text.VL53LX_f_016
                0x0800e2be      0x108 ./Drivers/BSP/Components/vl53l3cx/modules/vl53lx_hist_algos_gen3.o
                0x0800e2be                VL53LX_f_016
 .text.VL53LX_f_010
                0x0800e3c6       0xa6 ./Drivers/BSP/Components/vl53l3cx/modules/vl53lx_hist_algos_gen3.o
                0x0800e3c6                VL53LX_f_010
 .text.VL53LX_f_015
                0x0800e46c      0x16e ./Drivers/BSP/Components/vl53l3cx/modules/vl53lx_hist_algos_gen3.o
                0x0800e46c                VL53LX_f_015
 .text.VL53LX_f_020
                0x0800e5da      0x22c ./Drivers/BSP/Components/vl53l3cx/modules/vl53lx_hist_algos_gen3.o
                0x0800e5da                VL53LX_f_020
 .text.VL53LX_f_011
                0x0800e806       0xa8 ./Drivers/BSP/Components/vl53l3cx/modules/vl53lx_hist_algos_gen3.o
                0x0800e806                VL53LX_f_011
 .text.VL53LX_f_014
                0x0800e8ae      0x150 ./Drivers/BSP/Components/vl53l3cx/modules/vl53lx_hist_algos_gen3.o
                0x0800e8ae                VL53LX_f_014
 .text.VL53LX_f_017
                0x0800e9fe      0x154 ./Drivers/BSP/Components/vl53l3cx/modules/vl53lx_hist_algos_gen3.o
                0x0800e9fe                VL53LX_f_017
 .text.VL53LX_f_025
                0x0800eb52      0x41e ./Drivers/BSP/Components/vl53l3cx/modules/vl53lx_hist_algos_gen4.o
                0x0800eb52                VL53LX_f_025
 .text.VL53LX_f_026
                0x0800ef70      0x118 ./Drivers/BSP/Components/vl53l3cx/modules/vl53lx_hist_algos_gen4.o
                0x0800ef70                VL53LX_f_026
 .text.VL53LX_f_027
                0x0800f088      0x1d0 ./Drivers/BSP/Components/vl53l3cx/modules/vl53lx_hist_algos_gen4.o
                0x0800f088                VL53LX_f_027
 .text.VL53LX_f_028
                0x0800f258      0x29a ./Drivers/BSP/Components/vl53l3cx/modules/vl53lx_hist_algos_gen4.o
                0x0800f258                VL53LX_f_028
 .text.VL53LX_f_022
                0x0800f4f2       0xb2 ./Drivers/BSP/Components/vl53l3cx/modules/vl53lx_hist_core.o
                0x0800f4f2                VL53LX_f_022
 .text.VL53LX_f_018
                0x0800f5a4      0x14a ./Drivers/BSP/Components/vl53l3cx/modules/vl53lx_hist_core.o
                0x0800f5a4                VL53LX_f_018
 .text.VL53LX_f_019
                0x0800f6ee       0x94 ./Drivers/BSP/Components/vl53l3cx/modules/vl53lx_hist_core.o
                0x0800f6ee                VL53LX_f_019
 .text.VL53LX_f_005
                0x0800f782      0x140 ./Drivers/BSP/Components/vl53l3cx/modules/vl53lx_hist_core.o
                0x0800f782                VL53LX_f_005
 .text.VL53LX_f_030
                0x0800f8c2       0x8e ./Drivers/BSP/Components/vl53l3cx/modules/vl53lx_hist_core.o
                0x0800f8c2                VL53LX_f_030
 .text.VL53LX_f_031
                0x0800f950      0x2ea ./Drivers/BSP/Components/vl53l3cx/modules/vl53lx_hist_core.o
                0x0800f950                VL53LX_f_031
 .text.VL53LX_hist_process_data
                0x0800fc3a      0x426 ./Drivers/BSP/Components/vl53l3cx/modules/vl53lx_hist_funcs.o
                0x0800fc3a                VL53LX_hist_process_data
 .text.VL53LX_nvm_enable
                0x08010060       0xcc ./Drivers/BSP/Components/vl53l3cx/modules/vl53lx_nvm.o
                0x08010060                VL53LX_nvm_enable
 .text.VL53LX_nvm_read
                0x0801012c       0xbc ./Drivers/BSP/Components/vl53l3cx/modules/vl53lx_nvm.o
                0x0801012c                VL53LX_nvm_read
 .text.VL53LX_nvm_disable
                0x080101e8       0x6c ./Drivers/BSP/Components/vl53l3cx/modules/vl53lx_nvm.o
                0x080101e8                VL53LX_nvm_disable
 .text.VL53LX_nvm_decode_optical_centre
                0x08010254       0x5e ./Drivers/BSP/Components/vl53l3cx/modules/vl53lx_nvm.o
                0x08010254                VL53LX_nvm_decode_optical_centre
 .text.VL53LX_nvm_decode_cal_peak_rate_map
                0x080102b2       0xac ./Drivers/BSP/Components/vl53l3cx/modules/vl53lx_nvm.o
                0x080102b2                VL53LX_nvm_decode_cal_peak_rate_map
 .text.VL53LX_nvm_decode_additional_offset_cal_data
                0x0801035e       0x76 ./Drivers/BSP/Components/vl53l3cx/modules/vl53lx_nvm.o
                0x0801035e                VL53LX_nvm_decode_additional_offset_cal_data
 .text.VL53LX_nvm_decode_fmt_range_results_data
                0x080103d4       0xc2 ./Drivers/BSP/Components/vl53l3cx/modules/vl53lx_nvm.o
                0x080103d4                VL53LX_nvm_decode_fmt_range_results_data
 .text.VL53LX_read_nvm_raw_data
                0x08010496       0x62 ./Drivers/BSP/Components/vl53l3cx/modules/vl53lx_nvm.o
                0x08010496                VL53LX_read_nvm_raw_data
 .text.VL53LX_read_nvm_optical_centre
                0x080104f8       0x46 ./Drivers/BSP/Components/vl53l3cx/modules/vl53lx_nvm.o
                0x080104f8                VL53LX_read_nvm_optical_centre
 .text.VL53LX_read_nvm_cal_peak_rate_map
                0x0801053e       0x4c ./Drivers/BSP/Components/vl53l3cx/modules/vl53lx_nvm.o
                0x0801053e                VL53LX_read_nvm_cal_peak_rate_map
 .text.VL53LX_read_nvm_additional_offset_cal_data
                0x0801058a       0x46 ./Drivers/BSP/Components/vl53l3cx/modules/vl53lx_nvm.o
                0x0801058a                VL53LX_read_nvm_additional_offset_cal_data
 .text.VL53LX_read_nvm_fmt_range_results_data
                0x080105d0       0x56 ./Drivers/BSP/Components/vl53l3cx/modules/vl53lx_nvm.o
                0x080105d0                VL53LX_read_nvm_fmt_range_results_data
 .text.VL53LX_i2c_encode_static_nvm_managed
                0x08010626       0xb6 ./Drivers/BSP/Components/vl53l3cx/modules/vl53lx_register_funcs.o
                0x08010626                VL53LX_i2c_encode_static_nvm_managed
 .text.VL53LX_i2c_decode_static_nvm_managed
                0x080106dc       0xb4 ./Drivers/BSP/Components/vl53l3cx/modules/vl53lx_register_funcs.o
                0x080106dc                VL53LX_i2c_decode_static_nvm_managed
 .text.VL53LX_get_static_nvm_managed
                0x08010790       0x4e ./Drivers/BSP/Components/vl53l3cx/modules/vl53lx_register_funcs.o
                0x08010790                VL53LX_get_static_nvm_managed
 .text.VL53LX_i2c_encode_customer_nvm_managed
                0x080107de      0x114 ./Drivers/BSP/Components/vl53l3cx/modules/vl53lx_register_funcs.o
                0x080107de                VL53LX_i2c_encode_customer_nvm_managed
 .text.VL53LX_i2c_decode_customer_nvm_managed
                0x080108f2      0x11a ./Drivers/BSP/Components/vl53l3cx/modules/vl53lx_register_funcs.o
                0x080108f2                VL53LX_i2c_decode_customer_nvm_managed
 .text.VL53LX_get_customer_nvm_managed
                0x08010a0c       0x96 ./Drivers/BSP/Components/vl53l3cx/modules/vl53lx_register_funcs.o
                0x08010a0c                VL53LX_get_customer_nvm_managed
 .text.VL53LX_i2c_encode_static_config
                0x08010aa2      0x1c6 ./Drivers/BSP/Components/vl53l3cx/modules/vl53lx_register_funcs.o
                0x08010aa2                VL53LX_i2c_encode_static_config
 .text.VL53LX_i2c_encode_general_config
                0x08010c68      0x108 ./Drivers/BSP/Components/vl53l3cx/modules/vl53lx_register_funcs.o
                0x08010c68                VL53LX_i2c_encode_general_config
 .text.VL53LX_i2c_encode_timing_config
                0x08010d70      0x104 ./Drivers/BSP/Components/vl53l3cx/modules/vl53lx_register_funcs.o
                0x08010d70                VL53LX_i2c_encode_timing_config
 .text.VL53LX_i2c_encode_dynamic_config
                0x08010e74      0x10a ./Drivers/BSP/Components/vl53l3cx/modules/vl53lx_register_funcs.o
                0x08010e74                VL53LX_i2c_encode_dynamic_config
 .text.VL53LX_i2c_encode_system_control
                0x08010f7e       0x76 ./Drivers/BSP/Components/vl53l3cx/modules/vl53lx_register_funcs.o
                0x08010f7e                VL53LX_i2c_encode_system_control
 .text.VL53LX_i2c_decode_system_results
                0x08010ff4      0x1ec ./Drivers/BSP/Components/vl53l3cx/modules/vl53lx_register_funcs.o
                0x08010ff4                VL53LX_i2c_decode_system_results
 .text.VL53LX_i2c_decode_core_results
                0x080111e0       0xc2 ./Drivers/BSP/Components/vl53l3cx/modules/vl53lx_register_funcs.o
                0x080111e0                VL53LX_i2c_decode_core_results
 .text.VL53LX_i2c_decode_debug_results
                0x080112a2      0x2e4 ./Drivers/BSP/Components/vl53l3cx/modules/vl53lx_register_funcs.o
                0x080112a2                VL53LX_i2c_decode_debug_results
 .text.VL53LX_i2c_decode_nvm_copy_data
                0x08011586      0x24c ./Drivers/BSP/Components/vl53l3cx/modules/vl53lx_register_funcs.o
                0x08011586                VL53LX_i2c_decode_nvm_copy_data
 .text.VL53LX_get_nvm_copy_data
                0x080117d2       0x56 ./Drivers/BSP/Components/vl53l3cx/modules/vl53lx_register_funcs.o
                0x080117d2                VL53LX_get_nvm_copy_data
 .text.VL53LX_f_023
                0x08011828      0x6c6 ./Drivers/BSP/Components/vl53l3cx/modules/vl53lx_sigma_estimate.o
                0x08011828                VL53LX_f_023
 .text.VL53LX_wait_for_test_completion
                0x08011eee       0x72 ./Drivers/BSP/Components/vl53l3cx/modules/vl53lx_wait.o
                0x08011eee                VL53LX_wait_for_test_completion
 .text.VL53LX_is_new_data_ready
                0x08011f60       0x74 ./Drivers/BSP/Components/vl53l3cx/modules/vl53lx_wait.o
                0x08011f60                VL53LX_is_new_data_ready
 .text.VL53LX_poll_for_boot_completion
                0x08011fd4       0x58 ./Drivers/BSP/Components/vl53l3cx/modules/vl53lx_wait.o
                0x08011fd4                VL53LX_poll_for_boot_completion
 .text.VL53LX_poll_for_range_completion
                0x0801202c       0x5c ./Drivers/BSP/Components/vl53l3cx/modules/vl53lx_wait.o
                0x0801202c                VL53LX_poll_for_range_completion
 .text.VL53LX_f_032
                0x08012088      0x4c4 ./Drivers/BSP/Components/vl53l3cx/modules/vl53lx_xtalk.o
                0x08012088                VL53LX_f_032
 .text.VL53LX_f_033
                0x0801254c      0x1d6 ./Drivers/BSP/Components/vl53l3cx/modules/vl53lx_xtalk.o
                0x0801254c                VL53LX_f_033
 .text._I2CWrite
                0x08012722       0x26 ./Drivers/BSP/Components/vl53l3cx/porting/vl53lx_platform.o
                0x08012722                _I2CWrite
 .text._I2CRead
                0x08012748       0x26 ./Drivers/BSP/Components/vl53l3cx/porting/vl53lx_platform.o
                0x08012748                _I2CRead
 *fill*         0x0801276e        0x2 
 .text.VL53LX_WriteMulti
                0x08012770       0x6c ./Drivers/BSP/Components/vl53l3cx/porting/vl53lx_platform.o
                0x08012770                VL53LX_WriteMulti
 .text.VL53LX_ReadMulti
                0x080127dc       0x6c ./Drivers/BSP/Components/vl53l3cx/porting/vl53lx_platform.o
                0x080127dc                VL53LX_ReadMulti
 .text.VL53LX_WrByte
                0x08012848       0x54 ./Drivers/BSP/Components/vl53l3cx/porting/vl53lx_platform.o
                0x08012848                VL53LX_WrByte
 .text.VL53LX_WrWord
                0x0801289c       0x64 ./Drivers/BSP/Components/vl53l3cx/porting/vl53lx_platform.o
                0x0801289c                VL53LX_WrWord
 .text.VL53LX_RdByte
                0x08012900       0x68 ./Drivers/BSP/Components/vl53l3cx/porting/vl53lx_platform.o
                0x08012900                VL53LX_RdByte
 .text.VL53LX_RdWord
                0x08012968       0x7c ./Drivers/BSP/Components/vl53l3cx/porting/vl53lx_platform.o
                0x08012968                VL53LX_RdWord
 .text.VL53LX_GetTickCount
                0x080129e4       0x28 ./Drivers/BSP/Components/vl53l3cx/porting/vl53lx_platform.o
                0x080129e4                VL53LX_GetTickCount
 .text.VL53LX_WaitMs
                0x08012a0c       0x1e ./Drivers/BSP/Components/vl53l3cx/porting/vl53lx_platform.o
                0x08012a0c                VL53LX_WaitMs
 *fill*         0x08012a2a        0x2 
 .text.VL53LX_WaitUs
                0x08012a2c       0x30 ./Drivers/BSP/Components/vl53l3cx/porting/vl53lx_platform.o
                0x08012a2c                VL53LX_WaitUs
 .text.VL53LX_WaitValueMaskEx
                0x08012a5c      0x168 ./Drivers/BSP/Components/vl53l3cx/porting/vl53lx_platform.o
                0x08012a5c                VL53LX_WaitValueMaskEx
 .text.VL53LX_Delay
                0x08012bc4       0x34 ./Drivers/BSP/Components/vl53l3cx/porting/vl53lx_platform.o
 .text.VL53LX_ipp_hist_process_data
                0x08012bf8       0x42 ./Drivers/BSP/Components/vl53l3cx/porting/vl53lx_platform_ipp.o
                0x08012bf8                VL53LX_ipp_hist_process_data
 .text.VL53L3CX_RegisterBusIO
                0x08012c3a       0x6a ./Drivers/BSP/Components/vl53l3cx/vl53l3cx.o
                0x08012c3a                VL53L3CX_RegisterBusIO
 .text.VL53L3CX_Init
                0x08012ca4       0xb0 ./Drivers/BSP/Components/vl53l3cx/vl53l3cx.o
                0x08012ca4                VL53L3CX_Init
 .text.VL53L3CX_ConfigProfile
                0x08012d54       0xba ./Drivers/BSP/Components/vl53l3cx/vl53l3cx.o
                0x08012d54                VL53L3CX_ConfigProfile
 .text.VL53L3CX_GetDistance
                0x08012e0e       0xa6 ./Drivers/BSP/Components/vl53l3cx/vl53l3cx.o
                0x08012e0e                VL53L3CX_GetDistance
 .text.VL53L3CX_Start
                0x08012eb4      0x100 ./Drivers/BSP/Components/vl53l3cx/vl53l3cx.o
                0x08012eb4                VL53L3CX_Start
 .text.vl53l3cx_poll_for_measurement
                0x08012fb4       0x5a ./Drivers/BSP/Components/vl53l3cx/vl53l3cx.o
 *fill*         0x0801300e        0x2 
 .text.vl53l3cx_get_result
                0x08013010      0x23c ./Drivers/BSP/Components/vl53l3cx/vl53l3cx.o
 .text.HAL_Init
                0x0801324c       0x60 ./Drivers/STM32U5xx_HAL_Driver/Src/stm32u5xx_hal.o
                0x0801324c                HAL_Init
 .text.HAL_InitTick
                0x080132ac       0xec ./Drivers/STM32U5xx_HAL_Driver/Src/stm32u5xx_hal.o
                0x080132ac                HAL_InitTick
 .text.HAL_IncTick
                0x08013398       0x28 ./Drivers/STM32U5xx_HAL_Driver/Src/stm32u5xx_hal.o
                0x08013398                HAL_IncTick
 .text.HAL_GetTick
                0x080133c0       0x18 ./Drivers/STM32U5xx_HAL_Driver/Src/stm32u5xx_hal.o
                0x080133c0                HAL_GetTick
 .text.HAL_Delay
                0x080133d8       0x48 ./Drivers/STM32U5xx_HAL_Driver/Src/stm32u5xx_hal.o
                0x080133d8                HAL_Delay
 .text.__NVIC_SetPriorityGrouping
                0x08013420       0x48 ./Drivers/STM32U5xx_HAL_Driver/Src/stm32u5xx_hal_cortex.o
 .text.__NVIC_GetPriorityGrouping
                0x08013468       0x1c ./Drivers/STM32U5xx_HAL_Driver/Src/stm32u5xx_hal_cortex.o
 .text.__NVIC_SetPriority
                0x08013484       0x54 ./Drivers/STM32U5xx_HAL_Driver/Src/stm32u5xx_hal_cortex.o
 .text.NVIC_EncodePriority
                0x080134d8       0x66 ./Drivers/STM32U5xx_HAL_Driver/Src/stm32u5xx_hal_cortex.o
 .text.HAL_NVIC_SetPriorityGrouping
                0x0801353e       0x16 ./Drivers/STM32U5xx_HAL_Driver/Src/stm32u5xx_hal_cortex.o
                0x0801353e                HAL_NVIC_SetPriorityGrouping
 .text.HAL_NVIC_SetPriority
                0x08013554       0x34 ./Drivers/STM32U5xx_HAL_Driver/Src/stm32u5xx_hal_cortex.o
                0x08013554                HAL_NVIC_SetPriority
 .text.HAL_SYSTICK_Config
                0x08013588       0x44 ./Drivers/STM32U5xx_HAL_Driver/Src/stm32u5xx_hal_cortex.o
                0x08013588                HAL_SYSTICK_Config
 .text.HAL_SYSTICK_CLKSourceConfig
                0x080135cc       0xb0 ./Drivers/STM32U5xx_HAL_Driver/Src/stm32u5xx_hal_cortex.o
                0x080135cc                HAL_SYSTICK_CLKSourceConfig
 .text.HAL_SYSTICK_GetCLKSourceConfig
                0x0801367c       0x74 ./Drivers/STM32U5xx_HAL_Driver/Src/stm32u5xx_hal_cortex.o
                0x0801367c                HAL_SYSTICK_GetCLKSourceConfig
 .text.HAL_GPIO_Init
                0x080136f0      0x3c0 ./Drivers/STM32U5xx_HAL_Driver/Src/stm32u5xx_hal_gpio.o
                0x080136f0                HAL_GPIO_Init
 .text.HAL_GPIO_WritePin
                0x08013ab0       0x30 ./Drivers/STM32U5xx_HAL_Driver/Src/stm32u5xx_hal_gpio.o
                0x08013ab0                HAL_GPIO_WritePin
 .text.HAL_I2C_Init
                0x08013ae0      0x136 ./Drivers/STM32U5xx_HAL_Driver/Src/stm32u5xx_hal_i2c.o
                0x08013ae0                HAL_I2C_Init
 *fill*         0x08013c16        0x2 
 .text.HAL_I2C_Master_Transmit
                0x08013c18      0x1e8 ./Drivers/STM32U5xx_HAL_Driver/Src/stm32u5xx_hal_i2c.o
                0x08013c18                HAL_I2C_Master_Transmit
 .text.HAL_I2C_Master_Receive
                0x08013e00      0x1ec ./Drivers/STM32U5xx_HAL_Driver/Src/stm32u5xx_hal_i2c.o
                0x08013e00                HAL_I2C_Master_Receive
 .text.HAL_I2C_Mem_Write
                0x08013fec      0x228 ./Drivers/STM32U5xx_HAL_Driver/Src/stm32u5xx_hal_i2c.o
                0x08013fec                HAL_I2C_Mem_Write
 .text.HAL_I2C_Mem_Read
                0x08014214      0x234 ./Drivers/STM32U5xx_HAL_Driver/Src/stm32u5xx_hal_i2c.o
                0x08014214                HAL_I2C_Mem_Read
 .text.I2C_RequestMemoryWrite
                0x08014448       0xa8 ./Drivers/STM32U5xx_HAL_Driver/Src/stm32u5xx_hal_i2c.o
 .text.I2C_RequestMemoryRead
                0x080144f0       0xa8 ./Drivers/STM32U5xx_HAL_Driver/Src/stm32u5xx_hal_i2c.o
 .text.I2C_Flush_TXDR
                0x08014598       0x48 ./Drivers/STM32U5xx_HAL_Driver/Src/stm32u5xx_hal_i2c.o
 .text.I2C_WaitOnFlagUntilTimeout
                0x080145e0       0xb2 ./Drivers/STM32U5xx_HAL_Driver/Src/stm32u5xx_hal_i2c.o
 .text.I2C_WaitOnTXISFlagUntilTimeout
                0x08014692       0x8e ./Drivers/STM32U5xx_HAL_Driver/Src/stm32u5xx_hal_i2c.o
 .text.I2C_WaitOnSTOPFlagUntilTimeout
                0x08014720       0x86 ./Drivers/STM32U5xx_HAL_Driver/Src/stm32u5xx_hal_i2c.o
 *fill*         0x080147a6        0x2 
 .text.I2C_WaitOnRXNEFlagUntilTimeout
                0x080147a8      0x118 ./Drivers/STM32U5xx_HAL_Driver/Src/stm32u5xx_hal_i2c.o
 .text.I2C_IsErrorOccurred
                0x080148c0      0x1c0 ./Drivers/STM32U5xx_HAL_Driver/Src/stm32u5xx_hal_i2c.o
 .text.I2C_TransferConfig
                0x08014a80       0x64 ./Drivers/STM32U5xx_HAL_Driver/Src/stm32u5xx_hal_i2c.o
 .text.HAL_I2CEx_ConfigAnalogFilter
                0x08014ae4       0x96 ./Drivers/STM32U5xx_HAL_Driver/Src/stm32u5xx_hal_i2c_ex.o
                0x08014ae4                HAL_I2CEx_ConfigAnalogFilter
 .text.HAL_I2CEx_ConfigDigitalFilter
                0x08014b7a       0x98 ./Drivers/STM32U5xx_HAL_Driver/Src/stm32u5xx_hal_i2c_ex.o
                0x08014b7a                HAL_I2CEx_ConfigDigitalFilter
 *fill*         0x08014c12        0x2 
 .text.HAL_ICACHE_ConfigAssociativityMode
                0x08014c14       0x40 ./Drivers/STM32U5xx_HAL_Driver/Src/stm32u5xx_hal_icache.o
                0x08014c14                HAL_ICACHE_ConfigAssociativityMode
 .text.HAL_ICACHE_Enable
                0x08014c54       0x20 ./Drivers/STM32U5xx_HAL_Driver/Src/stm32u5xx_hal_icache.o
                0x08014c54                HAL_ICACHE_Enable
 .text.HAL_PWREx_ControlVoltageScaling
                0x08014c74       0xfc ./Drivers/STM32U5xx_HAL_Driver/Src/stm32u5xx_hal_pwr_ex.o
                0x08014c74                HAL_PWREx_ControlVoltageScaling
 .text.HAL_PWREx_GetVoltageRange
                0x08014d70       0x1c ./Drivers/STM32U5xx_HAL_Driver/Src/stm32u5xx_hal_pwr_ex.o
                0x08014d70                HAL_PWREx_GetVoltageRange
 .text.HAL_PWREx_ConfigSupply
                0x08014d8c       0xa0 ./Drivers/STM32U5xx_HAL_Driver/Src/stm32u5xx_hal_pwr_ex.o
                0x08014d8c                HAL_PWREx_ConfigSupply
 .text.HAL_RCC_OscConfig
                0x08014e2c      0xdb8 ./Drivers/STM32U5xx_HAL_Driver/Src/stm32u5xx_hal_rcc.o
                0x08014e2c                HAL_RCC_OscConfig
 .text.HAL_RCC_ClockConfig
                0x08015be4      0x3e4 ./Drivers/STM32U5xx_HAL_Driver/Src/stm32u5xx_hal_rcc.o
                0x08015be4                HAL_RCC_ClockConfig
 .text.HAL_RCC_GetSysClockFreq
                0x08015fc8      0x204 ./Drivers/STM32U5xx_HAL_Driver/Src/stm32u5xx_hal_rcc.o
                0x08015fc8                HAL_RCC_GetSysClockFreq
 .text.HAL_RCC_GetHCLKFreq
                0x080161cc       0x34 ./Drivers/STM32U5xx_HAL_Driver/Src/stm32u5xx_hal_rcc.o
                0x080161cc                HAL_RCC_GetHCLKFreq
 .text.HAL_RCC_GetPCLK1Freq
                0x08016200       0x28 ./Drivers/STM32U5xx_HAL_Driver/Src/stm32u5xx_hal_rcc.o
                0x08016200                HAL_RCC_GetPCLK1Freq
 .text.HAL_RCC_GetPCLK2Freq
                0x08016228       0x28 ./Drivers/STM32U5xx_HAL_Driver/Src/stm32u5xx_hal_rcc.o
                0x08016228                HAL_RCC_GetPCLK2Freq
 .text.HAL_RCC_GetPCLK3Freq
                0x08016250       0x28 ./Drivers/STM32U5xx_HAL_Driver/Src/stm32u5xx_hal_rcc.o
                0x08016250                HAL_RCC_GetPCLK3Freq
 .text.RCC_SetFlashLatencyFromMSIRange
                0x08016278      0x10c ./Drivers/STM32U5xx_HAL_Driver/Src/stm32u5xx_hal_rcc.o
 .text.HAL_RCCEx_PeriphCLKConfig
                0x08016384      0xa7c ./Drivers/STM32U5xx_HAL_Driver/Src/stm32u5xx_hal_rcc_ex.o
                0x08016384                HAL_RCCEx_PeriphCLKConfig
 .text.HAL_RCCEx_GetPLL1ClockFreq
                0x08016e00      0x2b4 ./Drivers/STM32U5xx_HAL_Driver/Src/stm32u5xx_hal_rcc_ex.o
                0x08016e00                HAL_RCCEx_GetPLL1ClockFreq
 .text.HAL_RCCEx_GetPLL2ClockFreq
                0x080170b4      0x2b4 ./Drivers/STM32U5xx_HAL_Driver/Src/stm32u5xx_hal_rcc_ex.o
                0x080170b4                HAL_RCCEx_GetPLL2ClockFreq
 .text.HAL_RCCEx_GetPLL3ClockFreq
                0x08017368      0x2b4 ./Drivers/STM32U5xx_HAL_Driver/Src/stm32u5xx_hal_rcc_ex.o
                0x08017368                HAL_RCCEx_GetPLL3ClockFreq
 .text.HAL_RCCEx_GetPeriphCLKFreq
                0x0801761c     0x1284 ./Drivers/STM32U5xx_HAL_Driver/Src/stm32u5xx_hal_rcc_ex.o
                0x0801761c                HAL_RCCEx_GetPeriphCLKFreq
 .text.RCCEx_PLL2_Config
                0x080188a0      0x130 ./Drivers/STM32U5xx_HAL_Driver/Src/stm32u5xx_hal_rcc_ex.o
 .text.RCCEx_PLL3_Config
                0x080189d0      0x130 ./Drivers/STM32U5xx_HAL_Driver/Src/stm32u5xx_hal_rcc_ex.o
 .text.HAL_UART_Init
                0x08018b00       0xa0 ./Drivers/STM32U5xx_HAL_Driver/Src/stm32u5xx_hal_uart.o
                0x08018b00                HAL_UART_Init
 .text.HAL_UART_Transmit
                0x08018ba0      0x11c ./Drivers/STM32U5xx_HAL_Driver/Src/stm32u5xx_hal_uart.o
                0x08018ba0                HAL_UART_Transmit
 .text.UART_SetConfig
                0x08018cbc      0x330 ./Drivers/STM32U5xx_HAL_Driver/Src/stm32u5xx_hal_uart.o
                0x08018cbc                UART_SetConfig
 .text.UART_AdvFeatureConfig
                0x08018fec      0x144 ./Drivers/STM32U5xx_HAL_Driver/Src/stm32u5xx_hal_uart.o
                0x08018fec                UART_AdvFeatureConfig
 .text.UART_CheckIdleState
                0x08019130      0x154 ./Drivers/STM32U5xx_HAL_Driver/Src/stm32u5xx_hal_uart.o
                0x08019130                UART_CheckIdleState
 .text.UART_WaitOnFlagUntilTimeout
                0x08019284       0xda ./Drivers/STM32U5xx_HAL_Driver/Src/stm32u5xx_hal_uart.o
                0x08019284                UART_WaitOnFlagUntilTimeout
 .text.UART_EndRxTransfer
                0x0801935e       0xcc ./Drivers/STM32U5xx_HAL_Driver/Src/stm32u5xx_hal_uart.o
 .text.HAL_UARTEx_DisableFifoMode
                0x0801942a       0x72 ./Drivers/STM32U5xx_HAL_Driver/Src/stm32u5xx_hal_uart_ex.o
                0x0801942a                HAL_UARTEx_DisableFifoMode
 .text.HAL_UARTEx_SetTxFifoThreshold
                0x0801949c       0x7c ./Drivers/STM32U5xx_HAL_Driver/Src/stm32u5xx_hal_uart_ex.o
                0x0801949c                HAL_UARTEx_SetTxFifoThreshold
 .text.HAL_UARTEx_SetRxFifoThreshold
                0x08019518       0x7c ./Drivers/STM32U5xx_HAL_Driver/Src/stm32u5xx_hal_uart_ex.o
                0x08019518                HAL_UARTEx_SetRxFifoThreshold
 .text.UARTEx_SetNbDataToProcess
                0x08019594       0x9c ./Drivers/STM32U5xx_HAL_Driver/Src/stm32u5xx_hal_uart_ex.o
 .text.__cvt    0x08019630       0xca C:/ST/STM32CubeIDE_1.19.0/STM32CubeIDE/plugins/com.st.stm32cube.ide.mcu.externaltools.gnu-tools-for-stm32.13.3.rel1.win32_1.0.0.202411081344/tools/bin/../lib/gcc/arm-none-eabi/13.3.1/../../../../arm-none-eabi/lib/thumb/v8-m.main+fp/hard\libc_nano.a(libc_a-nano-vfprintf_float.o)
                0x08019630                __cvt
 .text.__exponent
                0x080196fa       0x72 C:/ST/STM32CubeIDE_1.19.0/STM32CubeIDE/plugins/com.st.stm32cube.ide.mcu.externaltools.gnu-tools-for-stm32.13.3.rel1.win32_1.0.0.202411081344/tools/bin/../lib/gcc/arm-none-eabi/13.3.1/../../../../arm-none-eabi/lib/thumb/v8-m.main+fp/hard\libc_nano.a(libc_a-nano-vfprintf_float.o)
                0x080196fa                __exponent
 .text._printf_float
                0x0801976c      0x454 C:/ST/STM32CubeIDE_1.19.0/STM32CubeIDE/plugins/com.st.stm32cube.ide.mcu.externaltools.gnu-tools-for-stm32.13.3.rel1.win32_1.0.0.202411081344/tools/bin/../lib/gcc/arm-none-eabi/13.3.1/../../../../arm-none-eabi/lib/thumb/v8-m.main+fp/hard\libc_nano.a(libc_a-nano-vfprintf_float.o)
                0x0801976c                _printf_float
 .text._printf_common
                0x08019bc0       0xe4 C:/ST/STM32CubeIDE_1.19.0/STM32CubeIDE/plugins/com.st.stm32cube.ide.mcu.externaltools.gnu-tools-for-stm32.13.3.rel1.win32_1.0.0.202411081344/tools/bin/../lib/gcc/arm-none-eabi/13.3.1/../../../../arm-none-eabi/lib/thumb/v8-m.main+fp/hard\libc_nano.a(libc_a-nano-vfprintf_i.o)
                0x08019bc0                _printf_common
 .text._printf_i
                0x08019ca4      0x23c C:/ST/STM32CubeIDE_1.19.0/STM32CubeIDE/plugins/com.st.stm32cube.ide.mcu.externaltools.gnu-tools-for-stm32.13.3.rel1.win32_1.0.0.202411081344/tools/bin/../lib/gcc/arm-none-eabi/13.3.1/../../../../arm-none-eabi/lib/thumb/v8-m.main+fp/hard\libc_nano.a(libc_a-nano-vfprintf_i.o)
                0x08019ca4                _printf_i
 .text.std      0x08019ee0       0x6c C:/ST/STM32CubeIDE_1.19.0/STM32CubeIDE/plugins/com.st.stm32cube.ide.mcu.externaltools.gnu-tools-for-stm32.13.3.rel1.win32_1.0.0.202411081344/tools/bin/../lib/gcc/arm-none-eabi/13.3.1/../../../../arm-none-eabi/lib/thumb/v8-m.main+fp/hard\libc_nano.a(libc_a-findfp.o)
 .text.stdio_exit_handler
                0x08019f4c       0x18 C:/ST/STM32CubeIDE_1.19.0/STM32CubeIDE/plugins/com.st.stm32cube.ide.mcu.externaltools.gnu-tools-for-stm32.13.3.rel1.win32_1.0.0.202411081344/tools/bin/../lib/gcc/arm-none-eabi/13.3.1/../../../../arm-none-eabi/lib/thumb/v8-m.main+fp/hard\libc_nano.a(libc_a-findfp.o)
 .text.cleanup_stdio
                0x08019f64       0x40 C:/ST/STM32CubeIDE_1.19.0/STM32CubeIDE/plugins/com.st.stm32cube.ide.mcu.externaltools.gnu-tools-for-stm32.13.3.rel1.win32_1.0.0.202411081344/tools/bin/../lib/gcc/arm-none-eabi/13.3.1/../../../../arm-none-eabi/lib/thumb/v8-m.main+fp/hard\libc_nano.a(libc_a-findfp.o)
 .text.global_stdio_init.part.0
                0x08019fa4       0x3c C:/ST/STM32CubeIDE_1.19.0/STM32CubeIDE/plugins/com.st.stm32cube.ide.mcu.externaltools.gnu-tools-for-stm32.13.3.rel1.win32_1.0.0.202411081344/tools/bin/../lib/gcc/arm-none-eabi/13.3.1/../../../../arm-none-eabi/lib/thumb/v8-m.main+fp/hard\libc_nano.a(libc_a-findfp.o)
 .text.__sfp_lock_acquire
                0x08019fe0        0xc C:/ST/STM32CubeIDE_1.19.0/STM32CubeIDE/plugins/com.st.stm32cube.ide.mcu.externaltools.gnu-tools-for-stm32.13.3.rel1.win32_1.0.0.202411081344/tools/bin/../lib/gcc/arm-none-eabi/13.3.1/../../../../arm-none-eabi/lib/thumb/v8-m.main+fp/hard\libc_nano.a(libc_a-findfp.o)
                0x08019fe0                __sfp_lock_acquire
 .text.__sfp_lock_release
                0x08019fec        0xc C:/ST/STM32CubeIDE_1.19.0/STM32CubeIDE/plugins/com.st.stm32cube.ide.mcu.externaltools.gnu-tools-for-stm32.13.3.rel1.win32_1.0.0.202411081344/tools/bin/../lib/gcc/arm-none-eabi/13.3.1/../../../../arm-none-eabi/lib/thumb/v8-m.main+fp/hard\libc_nano.a(libc_a-findfp.o)
                0x08019fec                __sfp_lock_release
 .text.__sinit  0x08019ff8       0x30 C:/ST/STM32CubeIDE_1.19.0/STM32CubeIDE/plugins/com.st.stm32cube.ide.mcu.externaltools.gnu-tools-for-stm32.13.3.rel1.win32_1.0.0.202411081344/tools/bin/../lib/gcc/arm-none-eabi/13.3.1/../../../../arm-none-eabi/lib/thumb/v8-m.main+fp/hard\libc_nano.a(libc_a-findfp.o)
                0x08019ff8                __sinit
 .text._fwalk_sglue
                0x0801a028       0x3c C:/ST/STM32CubeIDE_1.19.0/STM32CubeIDE/plugins/com.st.stm32cube.ide.mcu.externaltools.gnu-tools-for-stm32.13.3.rel1.win32_1.0.0.202411081344/tools/bin/../lib/gcc/arm-none-eabi/13.3.1/../../../../arm-none-eabi/lib/thumb/v8-m.main+fp/hard\libc_nano.a(libc_a-fwalk.o)
                0x0801a028                _fwalk_sglue
 .text.printf   0x0801a064       0x24 C:/ST/STM32CubeIDE_1.19.0/STM32CubeIDE/plugins/com.st.stm32cube.ide.mcu.externaltools.gnu-tools-for-stm32.13.3.rel1.win32_1.0.0.202411081344/tools/bin/../lib/gcc/arm-none-eabi/13.3.1/../../../../arm-none-eabi/lib/thumb/v8-m.main+fp/hard\libc_nano.a(libc_a-printf.o)
                0x0801a064                iprintf
                0x0801a064                printf
 .text._puts_r  0x0801a088       0xaa C:/ST/STM32CubeIDE_1.19.0/STM32CubeIDE/plugins/com.st.stm32cube.ide.mcu.externaltools.gnu-tools-for-stm32.13.3.rel1.win32_1.0.0.202411081344/tools/bin/../lib/gcc/arm-none-eabi/13.3.1/../../../../arm-none-eabi/lib/thumb/v8-m.main+fp/hard\libc_nano.a(libc_a-puts.o)
                0x0801a088                _puts_r
 *fill*         0x0801a132        0x2 
 .text.puts     0x0801a134       0x10 C:/ST/STM32CubeIDE_1.19.0/STM32CubeIDE/plugins/com.st.stm32cube.ide.mcu.externaltools.gnu-tools-for-stm32.13.3.rel1.win32_1.0.0.202411081344/tools/bin/../lib/gcc/arm-none-eabi/13.3.1/../../../../arm-none-eabi/lib/thumb/v8-m.main+fp/hard\libc_nano.a(libc_a-puts.o)
                0x0801a134                puts
 .text.__sread  0x0801a144       0x22 C:/ST/STM32CubeIDE_1.19.0/STM32CubeIDE/plugins/com.st.stm32cube.ide.mcu.externaltools.gnu-tools-for-stm32.13.3.rel1.win32_1.0.0.202411081344/tools/bin/../lib/gcc/arm-none-eabi/13.3.1/../../../../arm-none-eabi/lib/thumb/v8-m.main+fp/hard\libc_nano.a(libc_a-stdio.o)
                0x0801a144                __sread
 .text.__swrite
                0x0801a166       0x38 C:/ST/STM32CubeIDE_1.19.0/STM32CubeIDE/plugins/com.st.stm32cube.ide.mcu.externaltools.gnu-tools-for-stm32.13.3.rel1.win32_1.0.0.202411081344/tools/bin/../lib/gcc/arm-none-eabi/13.3.1/../../../../arm-none-eabi/lib/thumb/v8-m.main+fp/hard\libc_nano.a(libc_a-stdio.o)
                0x0801a166                __swrite
 .text.__sseek  0x0801a19e       0x24 C:/ST/STM32CubeIDE_1.19.0/STM32CubeIDE/plugins/com.st.stm32cube.ide.mcu.externaltools.gnu-tools-for-stm32.13.3.rel1.win32_1.0.0.202411081344/tools/bin/../lib/gcc/arm-none-eabi/13.3.1/../../../../arm-none-eabi/lib/thumb/v8-m.main+fp/hard\libc_nano.a(libc_a-stdio.o)
                0x0801a19e                __sseek
 .text.__sclose
                0x0801a1c2        0x8 C:/ST/STM32CubeIDE_1.19.0/STM32CubeIDE/plugins/com.st.stm32cube.ide.mcu.externaltools.gnu-tools-for-stm32.13.3.rel1.win32_1.0.0.202411081344/tools/bin/../lib/gcc/arm-none-eabi/13.3.1/../../../../arm-none-eabi/lib/thumb/v8-m.main+fp/hard\libc_nano.a(libc_a-stdio.o)
                0x0801a1c2                __sclose
 .text.__swbuf_r
                0x0801a1ca       0x7c C:/ST/STM32CubeIDE_1.19.0/STM32CubeIDE/plugins/com.st.stm32cube.ide.mcu.externaltools.gnu-tools-for-stm32.13.3.rel1.win32_1.0.0.202411081344/tools/bin/../lib/gcc/arm-none-eabi/13.3.1/../../../../arm-none-eabi/lib/thumb/v8-m.main+fp/hard\libc_nano.a(libc_a-wbuf.o)
                0x0801a1ca                __swbuf_r
 *fill*         0x0801a246        0x2 
 .text.__swsetup_r
                0x0801a248       0xac C:/ST/STM32CubeIDE_1.19.0/STM32CubeIDE/plugins/com.st.stm32cube.ide.mcu.externaltools.gnu-tools-for-stm32.13.3.rel1.win32_1.0.0.202411081344/tools/bin/../lib/gcc/arm-none-eabi/13.3.1/../../../../arm-none-eabi/lib/thumb/v8-m.main+fp/hard\libc_nano.a(libc_a-wsetup.o)
                0x0801a248                __swsetup_r
 .text.memset   0x0801a2f4       0x10 C:/ST/STM32CubeIDE_1.19.0/STM32CubeIDE/plugins/com.st.stm32cube.ide.mcu.externaltools.gnu-tools-for-stm32.13.3.rel1.win32_1.0.0.202411081344/tools/bin/../lib/gcc/arm-none-eabi/13.3.1/../../../../arm-none-eabi/lib/thumb/v8-m.main+fp/hard\libc_nano.a(libc_a-memset.o)
                0x0801a2f4                memset
 .text.strncpy  0x0801a304       0x26 C:/ST/STM32CubeIDE_1.19.0/STM32CubeIDE/plugins/com.st.stm32cube.ide.mcu.externaltools.gnu-tools-for-stm32.13.3.rel1.win32_1.0.0.202411081344/tools/bin/../lib/gcc/arm-none-eabi/13.3.1/../../../../arm-none-eabi/lib/thumb/v8-m.main+fp/hard\libc_nano.a(libc_a-strncpy.o)
                0x0801a304                strncpy
 *fill*         0x0801a32a        0x2 
 .text._localeconv_r