../Core/Inc/app_delay.h:14:24:app_ms_to_os_ticks	64	static
../Core/Inc/app_delay.h:35:20:app_busy_wait_ms	32	static,ignoring_inline_asm
../Core/Inc/app_delay.h:66:20:app_delay_ms	24	static
../Core/App/app.c:47:6:app_init	8	static
../Core/App/app.c:52:6:app_main	8	static
../Core/App/app.c:58:6:app_freertos_init	8	static
../Core/App/app.c:72:6:app_i2c_lock	24	static
../Core/App/app.c:87:6:app_i2c_unlock	8	static
../Core/App/app.c:95:19:app_i2c_master_transmit	48	static
../Core/App/app.c:144:19:app_i2c_master_receive	40	static
../Core/App/app.c:191:19:app_i2c_mem_write	56	static
../Core/App/app.c:244:19:app_i2c_mem_read	48	static
../Core/App/app.c:295:13:app_i2c_ensure_mutex	16	static
../Core/App/app.c:313:17:app_i2c_normalize_timeout	16	static
../Core/App/app.c:323:13:app_i2c_should_recover	24	static
../Core/App/app.c:348:13:app_i2c_recover_locked	16	static
