../Core/Inc/app_delay.h:14:24:app_ms_to_os_ticks	64	static
../Core/Inc/app_delay.h:35:20:app_busy_wait_ms	32	static,ignoring_inline_asm
../Core/Inc/app_delay.h:66:20:app_delay_ms	24	static
../Core/App/lcd_library/lcd.c:42:6:lcd_demo	32	static
../Core/App/lcd_library/lcd.c:66:6:lcd_write_nibble	32	static
../Core/App/lcd_library/lcd.c:77:6:lcd_send_cmd	24	static
../Core/App/lcd_library/lcd.c:87:6:lcd_send_data	24	static
../Core/App/lcd_library/lcd.c:94:6:lcd_init	8	static
../Core/App/lcd_library/lcd.c:110:6:lcd_write_string	16	static
../Core/App/lcd_library/lcd.c:116:6:lcd_set_cursor	24	static
../Core/App/lcd_library/lcd.c:139:6:lcd_clear	8	static
../Core/App/lcd_library/lcd.c:144:6:lcd_backlight	16	static
../Core/App/lcd_library/lcd.c:153:6:lcd_animation_hello_beko	8	static
