../Core/Inc/app_delay.h:14:24:app_ms_to_os_ticks	64	static
../Core/Inc/app_delay.h:35:20:app_busy_wait_ms	32	static,ignoring_inline_asm
../Core/Inc/app_delay.h:66:20:app_delay_ms	24	static
../Core/App/lcd_library/lcd.c:45:6:lcd_demo	24	static
../Core/App/lcd_library/lcd.c:64:6:lcd_write_nibble	16	static
../Core/App/lcd_library/lcd.c:76:13:lcd_i2c_tx_locked	32	static
../Core/App/lcd_library/lcd.c:110:13:lcd_write_nibble_locked	24	static
../Core/App/lcd_library/lcd.c:124:13:lcd_send_cmd_locked	16	static
../Core/App/lcd_library/lcd.c:144:13:lcd_send_data_locked	16	static
../Core/App/lcd_library/lcd.c:154:6:lcd_send_cmd	16	static
../Core/App/lcd_library/lcd.c:166:6:lcd_send_data	16	static
../Core/App/lcd_library/lcd.c:178:6:lcd_init	8	static
../Core/App/lcd_library/lcd.c:196:6:lcd_write_string	16	static
../Core/App/lcd_library/lcd.c:209:16:lcd_ddram_base	16	static
../Core/App/lcd_library/lcd.c:226:6:lcd_set_cursor	24	static
../Core/App/lcd_library/lcd.c:239:6:lcd_write_line	24	static
../Core/App/lcd_library/lcd.c:285:6:lcd_clear	8	static
../Core/App/lcd_library/lcd.c:291:6:lcd_backlight	16	static
../Core/App/lcd_library/lcd.c:296:6:lcd_animation_hello_beko	8	static
