../Core/Inc/app_delay.h:14:24:app_ms_to_os_ticks	64	static
../Core/Inc/app_delay.h:35:20:app_busy_wait_ms	32	static,ignoring_inline_asm
../Core/Inc/app_delay.h:66:20:app_delay_ms	24	static
../Core/App/lcd_library/lcd.c:65:13:lcd_i2c_tx_locked	24	static
../Core/App/lcd_library/lcd.c:85:13:lcd_write_nibble_locked	24	static
../Core/App/lcd_library/lcd.c:104:13:lcd_write_byte_locked	16	static
../Core/App/lcd_library/lcd.c:119:13:lcd_send_command_locked	16	static
../Core/App/lcd_library/lcd.c:138:13:lcd_send_data_locked	16	static
../Core/App/lcd_library/lcd.c:149:16:lcd_ddram_base	16	static
../Core/App/lcd_library/lcd.c:172:13:lcd_init_locked	16	static
../Core/App/lcd_library/lcd.c:260:13:lcd_ensure_ready	16	static
../Core/App/lcd_library/lcd.c:280:13:lcd_animation_clear_frame	24	static
../Core/App/lcd_library/lcd.c:295:13:lcd_animation_put_text	32	static
../Core/App/lcd_library/lcd.c:315:13:lcd_animation_put_char	16	static
../Core/App/lcd_library/lcd.c:333:13:lcd_animation_render_frame	24	static
../Core/App/lcd_library/lcd.c:345:6:lcd_demo	24	static
../Core/App/lcd_library/lcd.c:365:6:lcd_init	8	static
../Core/App/lcd_library/lcd.c:371:6:lcd_write_string	16	static
../Core/App/lcd_library/lcd.c:397:6:lcd_set_cursor	24	static
../Core/App/lcd_library/lcd.c:421:6:lcd_clear	8	static
../Core/App/lcd_library/lcd.c:442:6:lcd_backlight	16	static
../Core/App/lcd_library/lcd.c:465:6:lcd_write_line	24	static
../Core/App/lcd_library/lcd.c:513:6:lcd_animation_hello_beko	104	static
