../Core/App/lcd_library/lcd.c:41:6:lcd_demo	32	static
../Core/App/lcd_library/lcd.c:65:6:lcd_write_nibble	32	static
../Core/App/lcd_library/lcd.c:76:6:lcd_send_cmd	24	static
../Core/App/lcd_library/lcd.c:86:6:lcd_send_data	24	static
../Core/App/lcd_library/lcd.c:93:6:lcd_init	8	static
../Core/App/lcd_library/lcd.c:109:6:lcd_write_string	16	static
../Core/App/lcd_library/lcd.c:115:6:lcd_set_cursor	24	static
../Core/App/lcd_library/lcd.c:138:6:lcd_clear	8	static
../Core/App/lcd_library/lcd.c:143:6:lcd_backlight	16	static
../Core/App/lcd_library/lcd.c:152:6:lcd_animation_hello_beko	8	static
