../Core/Src/main.c:78:5:__io_putchar	2
../Core/Src/main.c:90:6:btox	2
../Core/Src/main.c:102:6:text_hashing_example	3
../Core/Src/main.c:139:5:main	4
../Core/Src/main.c:220:6:SystemClock_Config	4
../Core/Src/main.c:302:13:SystemPower_Config	2
../Core/Src/main.c:321:13:MX_CRC_Init	2
../Core/Src/main.c:352:13:MX_I2C1_Init	4
../Core/Src/main.c:400:13:MX_ICACHE_Init	3
../Core/Src/main.c:432:13:MX_RTC_Init	3
../Core/Src/main.c:480:13:MX_SPI1_Init	3
../Core/Src/main.c:537:13:MX_USART1_UART_Init	5
../Core/Src/main.c:586:13:MX_GPIO_Init	1
../Core/Src/main.c:708:6:HAL_TIM_PeriodElapsedCallback	2
../Core/Src/main.c:726:6:Error_Handler	1
