../Core/Src/main.c:73:5:__io_putchar	24	static
../Core/Src/main.c:90:5:main	8	static
../Core/Src/main.c:149:6:SystemClock_Config	160	static
../Core/Src/main.c:222:13:SystemPower_Config	8	static
../Core/Src/main.c:241:13:MX_I2C1_Init	8	static
../Core/Src/main.c:289:13:MX_ICACHE_Init	8	static
../Core/Src/main.c:321:13:MX_RTC_Init	40	static
../Core/Src/main.c:369:13:MX_SPI1_Init	24	static
../Core/Src/main.c:426:13:MX_USART1_UART_Init	8	static
../Core/Src/main.c:474:13:MX_GPIO_Init	40	static
../Core/Src/main.c:560:6:Error_Handler	4	static,ignoring_inline_asm
